Component: ARM Compiler 5.06 update 4 (build 422) Tool: armlink [4d35d2]

==============================================================================

Section Cross References

    startup_stm32f411xe.o(RESET) refers to startup_stm32f411xe.o(STACK) for __initial_sp
    startup_stm32f411xe.o(RESET) refers to startup_stm32f411xe.o(.text) for Reset_Handler
    startup_stm32f411xe.o(RESET) refers to stm32f4xx_it.o(i.NMI_Handler) for NMI_Handler
    startup_stm32f411xe.o(RESET) refers to stm32f4xx_it.o(i.HardFault_Handler) for HardFault_Handler
    startup_stm32f411xe.o(RESET) refers to stm32f4xx_it.o(i.MemManage_Handler) for MemManage_Handler
    startup_stm32f411xe.o(RESET) refers to stm32f4xx_it.o(i.BusFault_Handler) for BusFault_Handler
    startup_stm32f411xe.o(RESET) refers to stm32f4xx_it.o(i.UsageFault_Handler) for UsageFault_Handler
    startup_stm32f411xe.o(RESET) refers to stm32f4xx_it.o(i.SVC_Handler) for SVC_Handler
    startup_stm32f411xe.o(RESET) refers to stm32f4xx_it.o(i.DebugMon_Handler) for DebugMon_Handler
    startup_stm32f411xe.o(RESET) refers to os_cpu_a.o(CODE) for OS_CPU_PendSVHandler
    startup_stm32f411xe.o(RESET) refers to os_cpu_c.o(i.OS_CPU_SysTickHandler) for OS_CPU_SysTickHandler
    startup_stm32f411xe.o(.text) refers to system_stm32f4xx.o(i.SystemInit) for SystemInit
    startup_stm32f411xe.o(.text) refers to entry.o(.ARM.Collect$$$$00000000) for __main
    system_stm32f4xx.o(i.SystemCoreClockUpdate) refers to system_stm32f4xx.o(.data) for .data
    system_stm32f4xx.o(i.SystemInit) refers to system_stm32f4xx.o(i.SetSysClock) for SetSysClock
    stm32f4xx_adc.o(i.ADC_DeInit) refers to stm32f4xx_rcc.o(i.RCC_APB2PeriphResetCmd) for RCC_APB2PeriphResetCmd
    stm32f4xx_can.o(i.CAN_DeInit) refers to stm32f4xx_rcc.o(i.RCC_APB1PeriphResetCmd) for RCC_APB1PeriphResetCmd
    stm32f4xx_can.o(i.CAN_GetITStatus) refers to stm32f4xx_can.o(i.CheckITStatus) for CheckITStatus
    stm32f4xx_cryp.o(i.CRYP_DeInit) refers to stm32f4xx_rcc.o(i.RCC_AHB2PeriphResetCmd) for RCC_AHB2PeriphResetCmd
    stm32f4xx_cryp_aes.o(i.CRYP_AES_CBC) refers to stm32f4xx_cryp.o(i.CRYP_KeyStructInit) for CRYP_KeyStructInit
    stm32f4xx_cryp_aes.o(i.CRYP_AES_CBC) refers to stm32f4xx_cryp.o(i.CRYP_KeyInit) for CRYP_KeyInit
    stm32f4xx_cryp_aes.o(i.CRYP_AES_CBC) refers to stm32f4xx_cryp.o(i.CRYP_Init) for CRYP_Init
    stm32f4xx_cryp_aes.o(i.CRYP_AES_CBC) refers to stm32f4xx_cryp.o(i.CRYP_IVInit) for CRYP_IVInit
    stm32f4xx_cryp_aes.o(i.CRYP_AES_CBC) refers to stm32f4xx_cryp.o(i.CRYP_FIFOFlush) for CRYP_FIFOFlush
    stm32f4xx_cryp_aes.o(i.CRYP_AES_CBC) refers to stm32f4xx_cryp.o(i.CRYP_Cmd) for CRYP_Cmd
    stm32f4xx_cryp_aes.o(i.CRYP_AES_CBC) refers to stm32f4xx_cryp.o(i.CRYP_GetCmdStatus) for CRYP_GetCmdStatus
    stm32f4xx_cryp_aes.o(i.CRYP_AES_CBC) refers to stm32f4xx_cryp.o(i.CRYP_GetFlagStatus) for CRYP_GetFlagStatus
    stm32f4xx_cryp_aes.o(i.CRYP_AES_CBC) refers to stm32f4xx_cryp.o(i.CRYP_DataIn) for CRYP_DataIn
    stm32f4xx_cryp_aes.o(i.CRYP_AES_CBC) refers to stm32f4xx_cryp.o(i.CRYP_DataOut) for CRYP_DataOut
    stm32f4xx_cryp_aes.o(i.CRYP_AES_CCM) refers to stm32f4xx_cryp.o(i.CRYP_KeyStructInit) for CRYP_KeyStructInit
    stm32f4xx_cryp_aes.o(i.CRYP_AES_CCM) refers to stm32f4xx_cryp.o(i.CRYP_FIFOFlush) for CRYP_FIFOFlush
    stm32f4xx_cryp_aes.o(i.CRYP_AES_CCM) refers to stm32f4xx_cryp.o(i.CRYP_KeyInit) for CRYP_KeyInit
    stm32f4xx_cryp_aes.o(i.CRYP_AES_CCM) refers to stm32f4xx_cryp.o(i.CRYP_IVInit) for CRYP_IVInit
    stm32f4xx_cryp_aes.o(i.CRYP_AES_CCM) refers to stm32f4xx_cryp.o(i.CRYP_Init) for CRYP_Init
    stm32f4xx_cryp_aes.o(i.CRYP_AES_CCM) refers to stm32f4xx_cryp.o(i.CRYP_PhaseConfig) for CRYP_PhaseConfig
    stm32f4xx_cryp_aes.o(i.CRYP_AES_CCM) refers to stm32f4xx_cryp.o(i.CRYP_DataIn) for CRYP_DataIn
    stm32f4xx_cryp_aes.o(i.CRYP_AES_CCM) refers to stm32f4xx_cryp.o(i.CRYP_Cmd) for CRYP_Cmd
    stm32f4xx_cryp_aes.o(i.CRYP_AES_CCM) refers to stm32f4xx_cryp.o(i.CRYP_GetCmdStatus) for CRYP_GetCmdStatus
    stm32f4xx_cryp_aes.o(i.CRYP_AES_CCM) refers to stm32f4xx_cryp.o(i.CRYP_GetFlagStatus) for CRYP_GetFlagStatus
    stm32f4xx_cryp_aes.o(i.CRYP_AES_CCM) refers to stm32f4xx_cryp.o(i.CRYP_DataOut) for CRYP_DataOut
    stm32f4xx_cryp_aes.o(i.CRYP_AES_CTR) refers to stm32f4xx_cryp.o(i.CRYP_KeyStructInit) for CRYP_KeyStructInit
    stm32f4xx_cryp_aes.o(i.CRYP_AES_CTR) refers to stm32f4xx_cryp.o(i.CRYP_KeyInit) for CRYP_KeyInit
    stm32f4xx_cryp_aes.o(i.CRYP_AES_CTR) refers to stm32f4xx_cryp.o(i.CRYP_Init) for CRYP_Init
    stm32f4xx_cryp_aes.o(i.CRYP_AES_CTR) refers to stm32f4xx_cryp.o(i.CRYP_IVInit) for CRYP_IVInit
    stm32f4xx_cryp_aes.o(i.CRYP_AES_CTR) refers to stm32f4xx_cryp.o(i.CRYP_FIFOFlush) for CRYP_FIFOFlush
    stm32f4xx_cryp_aes.o(i.CRYP_AES_CTR) refers to stm32f4xx_cryp.o(i.CRYP_Cmd) for CRYP_Cmd
    stm32f4xx_cryp_aes.o(i.CRYP_AES_CTR) refers to stm32f4xx_cryp.o(i.CRYP_GetCmdStatus) for CRYP_GetCmdStatus
[...]
    ..\..\User\BSP\bsp.c                     0x00000000   Number         0  bsp.o ABSOLUTE
    ..\..\User\BSP\usart\bsp_usart.c         0x00000000   Number         0  bsp_usart.o ABSOLUTE
    ..\..\User\uC-CPU\ARM-Cortex-M4\RealView\cpu_a.asm 0x00000000   Number         0  cpu_a.o ABSOLUTE
    ..\..\User\uC-CPU\ARM-Cortex-M4\RealView\cpu_c.c 0x00000000   Number         0  cpu_c.o ABSOLUTE
    ..\..\User\uC-CPU\cpu_core.c             0x00000000   Number         0  cpu_core.o ABSOLUTE
    ..\..\User\uC-LIB\Ports\ARM-Cortex-M4\RealView\lib_mem_a.asm 0x00000000   Number         0  lib_mem_a.o ABSOLUTE
    ..\..\User\uC-LIB\lib_ascii.c            0x00000000   Number         0  lib_ascii.o ABSOLUTE
    ..\..\User\uC-LIB\lib_math.c             0x00000000   Number         0  lib_math.o ABSOLUTE
    ..\..\User\uC-LIB\lib_mem.c              0x00000000   Number         0  lib_mem.o ABSOLUTE
    ..\..\User\uC-LIB\lib_str.c              0x00000000   Number         0  lib_str.o ABSOLUTE
    ..\..\User\uCOS-III\Ports\ARM-Cortex-M4\Generic\RealView\os_cpu_a.asm 0x00000000   Number         0  os_cpu_a.o ABSOLUTE
    ..\..\User\uCOS-III\Ports\ARM-Cortex-M4\Generic\RealView\os_cpu_c.c 0x00000000   Number         0  os_cpu_c.o ABSOLUTE
    ..\..\User\uCOS-III\Source\os_cfg_app.c  0x00000000   Number         0  os_cfg_app.o ABSOLUTE
    ..\..\User\uCOS-III\Source\os_core.c     0x00000000   Number         0  os_core.o ABSOLUTE
    ..\..\User\uCOS-III\Source\os_dbg.c      0x00000000   Number         0  os_dbg.o ABSOLUTE
    ..\..\User\uCOS-III\Source\os_flag.c     0x00000000   Number         0  os_flag.o ABSOLUTE
    ..\..\User\uCOS-III\Source\os_int.c      0x00000000   Number         0  os_int.o ABSOLUTE
    ..\..\User\uCOS-III\Source\os_mem.c      0x00000000   Number         0  os_mem.o ABSOLUTE
    ..\..\User\uCOS-III\Source\os_msg.c      0x00000000   Number         0  os_msg.o ABSOLUTE
    ..\..\User\uCOS-III\Source\os_mutex.c    0x00000000   Number         0  os_mutex.o ABSOLUTE
    ..\..\User\uCOS-III\Source\os_pend_multi.c 0x00000000   Number         0  os_pend_multi.o ABSOLUTE
    ..\..\User\uCOS-III\Source\os_prio.c     0x00000000   Number         0  os_prio.o ABSOLUTE
    ..\..\User\uCOS-III\Source\os_q.c        0x00000000   Number         0  os_q.o ABSOLUTE
    ..\..\User\uCOS-III\Source\os_sem.c      0x00000000   Number         0  os_sem.o ABSOLUTE
    ..\..\User\uCOS-III\Source\os_stat.c     0x00000000   Number         0  os_stat.o ABSOLUTE
    ..\..\User\uCOS-III\Source\os_task.c     0x00000000   Number         0  os_task.o ABSOLUTE
    ..\..\User\uCOS-III\Source\os_tick.c     0x00000000   Number         0  os_tick.o ABSOLUTE
    ..\..\User\uCOS-III\Source\os_time.c     0x00000000   Number         0  os_time.o ABSOLUTE
    ..\..\User\uCOS-III\Source\os_tmr.c      0x00000000   Number         0  os_tmr.o ABSOLUTE
    ..\..\User\uCOS-III\Source\os_var.c      0x00000000   Number         0  os_var.o ABSOLUTE
    ..\\..\\Libraries\\CMSIS\\Device\\ST\\STM32F4xx\\Source\\Templates\\system_stm32f4xx.c 0x00000000   Number         0  system_stm32f4xx.o ABSOLUTE
    ..\\..\\Libraries\\STM32F4xx_StdPeriph_Driver\\src\\misc.c 0x00000000   Number         0  misc.o ABSOLUTE
    ..\\..\\Libraries\\STM32F4xx_StdPeriph_Driver\\src\\stm32f4xx_adc.c 0x00000000   Number         0  stm32f4xx_adc.o ABSOLUTE
    ..\\..\\Libraries\\STM32F4xx_StdPeriph_Driver\\src\\stm32f4xx_can.c 0x00000000   Number         0  stm32f4xx_can.o ABSOLUTE
    ..\\..\\Libraries\\STM32F4xx_StdPeriph_Driver\\src\\stm32f4xx_cec.c 0x00000000   Number         0  stm32f4xx_cec.o ABSOLUTE
    ..\\..\\Libraries\\STM32F4xx_StdPeriph_Driver\\src\\stm32f4xx_crc.c 0x00000000   Number         0  stm32f4xx_crc.o ABSOLUTE
    ..\\..\\Libraries\\STM32F4xx_StdPeriph_Driver\\src\\stm32f4xx_cryp.c 0x00000000   Number         0  stm32f4xx_cryp.o ABSOLUTE
    ..\\..\\Libraries\\STM32F4xx_StdPeriph_Driver\\src\\stm32f4xx_cryp_aes.c 0x00000000   Number         0  stm32f4xx_cryp_aes.o ABSOLUTE
    ..\\..\\Libraries\\STM32F4xx_StdPeriph_Driver\\src\\stm32f4xx_cryp_des.c 0x00000000   Number         0  stm32f4xx_cryp_des.o ABSOLUTE
    ..\\..\\Libraries\\STM32F4xx_StdPeriph_Driver\\src\\stm32f4xx_cryp_tdes.c 0x00000000   Number         0  stm32f4xx_cryp_tdes.o ABSOLUTE
    ..\\..\\Libraries\\STM32F4xx_StdPeriph_Driver\\src\\stm32f4xx_dac.c 0x00000000   Number         0  stm32f4xx_dac.o ABSOLUTE
    ..\\..\\Libraries\\STM32F4xx_StdPeriph_Driver\\src\\stm32f4xx_dbgmcu.c 0x00000000   Number         0  stm32f4xx_dbgmcu.o ABSOLUTE
    ..\\..\\Libraries\\STM32F4xx_StdPeriph_Driver\\src\\stm32f4xx_dcmi.c 0x00000000   Number         0  stm32f4xx_dcmi.o ABSOLUTE
    ..\\..\\Libraries\\STM32F4xx_StdPeriph_Driver\\src\\stm32f4xx_dma.c 0x00000000   Number         0  stm32f4xx_dma.o ABSOLUTE
    ..\\..\\Libraries\\STM32F4xx_StdPeriph_Driver\\src\\stm32f4xx_dma2d.c 0x00000000   Number         0  stm32f4xx_dma2d.o ABSOLUTE
    ..\\..\\Libraries\\STM32F4xx_StdPeriph_Driver\\src\\stm32f4xx_exti.c 0x00000000   Number         0  stm32f4xx_exti.o ABSOLUTE
    ..\\..\\Libraries\\STM32F4xx_StdPeriph_Driver\\src\\stm32f4xx_flash.c 0x00000000   Number         0  stm32f4xx_flash.o ABSOLUTE
    ..\\..\\Libraries\\STM32F4xx_StdPeriph_Driver\\src\\stm32f4xx_flash_ramfunc.c 0x00000000   Number         0  stm32f4xx_flash_ramfunc.o ABSOLUTE
    ..\\..\\Libraries\\STM32F4xx_StdPeriph_Driver\\src\\stm32f4xx_fmpi2c.c 0x00000000   Number         0  stm32f4xx_fmpi2c.o ABSOLUTE
    ..\\..\\Libraries\\STM32F4xx_StdPeriph_Driver\\src\\stm32f4xx_gpio.c 0x00000000   Number         0  stm32f4xx_gpio.o ABSOLUTE
    ..\\..\\Libraries\\STM32F4xx_StdPeriph_Driver\\src\\stm32f4xx_hash.c 0x00000000   Number         0  stm32f4xx_hash.o ABSOLUTE
    ..\\..\\Libraries\\STM32F4xx_StdPeriph_Driver\\src\\stm32f4xx_hash_md5.c 0x00000000   Number         0  stm32f4xx_hash_md5.o ABSOLUTE
    ..\\..\\Libraries\\STM32F4xx_StdPeriph_Driver\\src\\stm32f4xx_hash_sha1.c 0x00000000   Number         0  stm32f4xx_hash_sha1.o ABSOLUTE
    ..\\..\\Libraries\\STM32F4xx_StdPeriph_Driver\\src\\stm32f4xx_i2c.c 0x00000000   Number         0  stm32f4xx_i2c.o ABSOLUTE
    ..\\..\\Libraries\\STM32F4xx_StdPeriph_Driver\\src\\stm32f4xx_iwdg.c 0x00000000   Number         0  stm32f4xx_iwdg.o ABSOLUTE
    ..\\..\\Libraries\\STM32F4xx_StdPeriph_Driver\\src\\stm32f4xx_ltdc.c 0x00000000   Number         0  stm32f4xx_ltdc.o ABSOLUTE
    ..\\..\\Libraries\\STM32F4xx_StdPeriph_Driver\\src\\stm32f4xx_pwr.c 0x00000000   Number         0  stm32f4xx_pwr.o ABSOLUTE
    ..\\..\\Libraries\\STM32F4xx_StdPeriph_Driver\\src\\stm32f4xx_qspi.c 0x00000000   Number         0  stm32f4xx_qspi.o ABSOLUTE
    ..\\..\\Libraries\\STM32F4xx_StdPeriph_Driver\\src\\stm32f4xx_rcc.c 0x00000000   Number         0  stm32f4xx_rcc.o ABSOLUTE
    ..\\..\\Libraries\\STM32F4xx_StdPeriph_Driver\\src\\stm32f4xx_rng.c 0x00000000   Number         0  stm32f4xx_rng.o ABSOLUTE
    ..\\..\\Libraries\\STM32F4xx_StdPeriph_Driver\\src\\stm32f4xx_rtc.c 0x00000000   Number         0  stm32f4xx_rtc.o ABSOLUTE
    ..\\..\\Libraries\\STM32F4xx_StdPeriph_Driver\\src\\stm32f4xx_sai.c 0x00000000   Number         0  stm32f4xx_sai.o ABSOLUTE
    ..\\..\\Libraries\\STM32F4xx_StdPeriph_Driver\\src\\stm32f4xx_sdio.c 0x00000000   Number         0  stm32f4xx_sdio.o ABSOLUTE
    ..\\..\\Libraries\\STM32F4xx_StdPeriph_Driver\\src\\stm32f4xx_spdifrx.c 0x00000000   Number         0  stm32f4xx_spdifrx.o ABSOLUTE
    ..\\..\\Libraries\\STM32F4xx_StdPeriph_Driver\\src\\stm32f4xx_spi.c 0x00000000   Number         0  stm32f4xx_spi.o ABSOLUTE
    ..\\..\\Libraries\\STM32F4xx_StdPeriph_Driver\\src\\stm32f4xx_syscfg.c 0x00000000   Number         0  stm32f4xx_syscfg.o ABSOLUTE
    ..\\..\\Libraries\\STM32F4xx_StdPeriph_Driver\\src\\stm32f4xx_tim.c 0x00000000   Number         0  stm32f4xx_tim.o ABSOLUTE
    ..\\..\\Libraries\\STM32F4xx_StdPeriph_Driver\\src\\stm32f4xx_usart.c 0x00000000   Number         0  stm32f4xx_usart.o ABSOLUTE
    ..\\..\\Libraries\\STM32F4xx_StdPeriph_Driver\\src\\stm32f4xx_wwdg.c 0x00000000   Number         0  stm32f4xx_wwdg.o ABSOLUTE
    ..\\..\\USER\\stm32f4xx_it.c             0x00000000   Number         0  stm32f4xx_it.o ABSOLUTE
    ..\\..\\User\\APP\\app.c                 0x00000000   Number         0  app.o ABSOLUTE
    ..\\..\\User\\BSP\\bsp.c                 0x00000000   Number         0  bsp.o ABSOLUTE
    ..\\..\\User\\BSP\\usart\\bsp_usart.c    0x00000000   Number         0  bsp_usart.o ABSOLUTE
    cdrcmple.s                               0x00000000   Number         0  cdrcmple.o ABSOLUTE
    dc.s                                     0x00000000   Number         0  dc.o ABSOLUTE
    handlers.s                               0x00000000   Number         0  handlers.o ABSOLUTE
    init.s                                   0x00000000   Number         0  init.o ABSOLUTE
    RESET                                    0x08000000   Section      408  startup_stm32f411xe.o(RESET)
    .ARM.Collect$$$$00000000                 0x08000198   Section        0  entry.o(.ARM.Collect$$$$00000000)
    .ARM.Collect$$$$00000001                 0x08000198   Section        4  entry2.o(.ARM.Collect$$$$00000001)
    .ARM.Collect$$$$00000004                 0x0800019c   Section        4  entry5.o(.ARM.Collect$$$$00000004)
    .ARM.Collect$$$$00000008                 0x080001a0   Section        0  entry7b.o(.ARM.Collect$$$$00000008)
    .ARM.Collect$$$$0000000A                 0x080001a0   Section        0  entry8b.o(.ARM.Collect$$$$0000000A)
    .ARM.Collect$$$$0000000B                 0x080001a0   Section        8  entry9a.o(.ARM.Collect$$$$0000000B)
    .ARM.Collect$$$$0000000D                 0x080001a8   Section        0  entry10a.o(.ARM.Collect$$$$0000000D)
    .ARM.Collect$$$$0000000F                 0x080001a8   Section        0  entry11a.o(.ARM.Collect$$$$0000000F)
    .ARM.Collect$$$$00002712                 0x080001a8   Section        4  entry2.o(.ARM.Collect$$$$00002712)
    __lit__00000000                          0x080001a8   Data           4  entry2.o(.ARM.Collect$$$$00002712)
    .text                                    0x080001ac   Section       76  startup_stm32f411xe.o(.text)
    $v0                                      0x080001ac   Number         0  startup_stm32f411xe.o(.text)
    .text                                    0x080001f8   Section       52  cpu_a.o(.text)
    $v0                                      0x080001f8   Number         0  cpu_a.o(.text)
    .text                                    0x0800022c   Section       36  init.o(.text)
    CODE                                     0x08000250   Section      268  os_cpu_a.o(CODE)
    $v0                                      0x08000250   Number         0  os_cpu_a.o(CODE)
    i.BSP_CPU_ClkFreq                        0x0800035c   Section        0  bsp.o(i.BSP_CPU_ClkFreq)
    i.BSP_Init                               0x0800036a   Section        0  bsp.o(i.BSP_Init)
    i.BusFault_Handler                       0x0800036e   Section        0  stm32f4xx_it.o(i.BusFault_Handler)
    i.CPU_Init                               0x08000370   Section        0  cpu_core.o(i.CPU_Init)
    i.CPU_NameClr                            0x08000388   Section        0  cpu_core.o(i.CPU_NameClr)
    i.CPU_TS_TmrFreqSet                      0x080003a8   Section        0  cpu_core.o(i.CPU_TS_TmrFreqSet)
    i.CPU_TS_TmrInit                         0x080003b4   Section        0  bsp.o(i.CPU_TS_TmrInit)
    i.CPU_TS_TmrRd                           0x080003e4   Section        0  bsp.o(i.CPU_TS_TmrRd)
    i.DebugMon_Handler                       0x080003f0   Section        0  stm32f4xx_it.o(i.DebugMon_Handler)
    i.GPIO_Init                              0x080003f2   Section        0  stm32f4xx_gpio.o(i.GPIO_Init)
    i.GPIO_PinAFConfig                       0x08000494   Section        0  stm32f4xx_gpio.o(i.GPIO_PinAFConfig)
    i.GPIO_ResetBits                         0x080004b4   Section        0  stm32f4xx_gpio.o(i.GPIO_ResetBits)
    i.GPIO_SetBits                           0x080004b8   Section        0  stm32f4xx_gpio.o(i.GPIO_SetBits)
    i.HardFault_Handler                      0x080004bc   Section        0  stm32f4xx_it.o(i.HardFault_Handler)
    i.MemManage_Handler                      0x080004be   Section        0  stm32f4xx_it.o(i.MemManage_Handler)
    i.Mem_Clr                                0x080004c0   Section        0  lib_mem.o(i.Mem_Clr)
    i.Mem_Set                                0x080004c8   Section        0  lib_mem.o(i.Mem_Set)
    i.NMI_Handler                            0x0800050c   Section        0  stm32f4xx_it.o(i.NMI_Handler)
    i.OSCfg_Init                             0x0800050e   Section        0  os_cfg_app.o(i.OSCfg_Init)
    i.OSIdleTaskHook                         0x08000510   Section        0  os_cpu_c.o(i.OSIdleTaskHook)
    i.OSInit                                 0x08000520   Section        0  os_core.o(i.OSInit)
    i.OSInitHook                             0x08000674   Section        0  os_cpu_c.o(i.OSInitHook)
    i.OSIntExit                              0x08000698   Section        0  os_core.o(i.OSIntExit)
    i.OSMutexCreate                          0x0800071c   Section        0  os_mutex.o(i.OSMutexCreate)
    i.OSMutexPend                            0x08000764   Section        0  os_mutex.o(i.OSMutexPend)
    i.OSMutexPost                            0x080008a8   Section        0  os_mutex.o(i.OSMutexPost)
    i.OSSched                                0x080009cc   Section        0  os_core.o(i.OSSched)
    i.OSSchedLock                            0x08000a48   Section        0  os_core.o(i.OSSchedLock)
    i.OSSchedUnlock                          0x08000a8c   Section        0  os_core.o(i.OSSchedUnlock)
    i.OSStart                                0x08000ae4   Section        0  os_core.o(i.OSStart)
    i.OSStatReset                            0x08000b3c   Section        0  os_stat.o(i.OSStatReset)
    i.OSStatTaskHook                         0x08000b80   Section        0  os_cpu_c.o(i.OSStatTaskHook)
    i.OSTaskCreate                           0x08000b90   Section        0  os_task.o(i.OSTaskCreate)
    i.OSTaskCreateHook                       0x08000cbc   Section        0  os_cpu_c.o(i.OSTaskCreateHook)
    i.OSTaskDel                              0x08000ccc   Section        0  os_task.o(i.OSTaskDel)
    i.OSTaskDelHook                          0x08000de8   Section        0  os_cpu_c.o(i.OSTaskDelHook)
    i.OSTaskReturnHook                       0x08000df8   Section        0  os_cpu_c.o(i.OSTaskReturnHook)
    i.OSTaskSemPend                          0x08000e08   Section        0  os_task.o(i.OSTaskSemPend)
    i.OSTaskSemPost                          0x08000f18   Section        0  os_task.o(i.OSTaskSemPost)
    i.OSTaskStkInit                          0x08000f48   Section        0  os_cpu_c.o(i.OSTaskStkInit)
    i.OSTaskSwHook                           0x080010f0   Section        0  os_cpu_c.o(i.OSTaskSwHook)
    i.OSTimeDly                              0x08001168   Section        0  os_time.o(i.OSTimeDly)
    i.OSTimeDlyHMSM                          0x080011e0   Section        0  os_time.o(i.OSTimeDlyHMSM)
    i.OSTimeTick                             0x080012e4   Section        0  os_time.o(i.OSTimeTick)
    i.OSTimeTickHook                         0x08001320   Section        0  os_cpu_c.o(i.OSTimeTickHook)
    i.OS_CPU_SysTickHandler                  0x08001330   Section        0  os_cpu_c.o(i.OS_CPU_SysTickHandler)
    i.OS_CPU_SysTickInit                     0x08001354   Section        0  os_cpu_c.o(i.OS_CPU_SysTickInit)
    i.OS_FlagInit                            0x0800137c   Section        0  os_flag.o(i.OS_FlagInit)
    i.OS_IdleTask                            0x0800138c   Section        0  os_core.o(i.OS_IdleTask)
    i.OS_IdleTaskInit                        0x080013b4   Section        0  os_core.o(i.OS_IdleTaskInit)
    i.OS_MemInit                             0x0800141c   Section        0  os_mem.o(i.OS_MemInit)
    i.OS_MsgPoolInit                         0x0800142c   Section        0  os_msg.o(i.OS_MsgPoolInit)
    i.OS_MsgQFreeAll                         0x08001494   Section        0  os_msg.o(i.OS_MsgQFreeAll)
    i.OS_MsgQInit                            0x080014c4   Section        0  os_msg.o(i.OS_MsgQInit)
    i.OS_MutexGrpPostAll                     0x080014d0   Section        0  os_mutex.o(i.OS_MutexGrpPostAll)
    i.OS_MutexGrpPrioFindHighest             0x0800151c   Section        0  os_mutex.o(i.OS_MutexGrpPrioFindHighest)
    i.OS_MutexGrpRemove                      0x0800153e   Section        0  os_mutex.o(i.OS_MutexGrpRemove)
    i.OS_MutexInit                           0x08001554   Section        0  os_mutex.o(i.OS_MutexInit)
    i.OS_Pend                                0x08001564   Section        0  os_core.o(i.OS_Pend)
    i.OS_PendDataInit                        0x080015ac   Section        0  os_core.o(i.OS_PendDataInit)
    i.OS_PendListChangePrio                  0x080015dc   Section        0  os_core.o(i.OS_PendListChangePrio)
    i.OS_PendListInit                        0x0800160a   Section        0  os_core.o(i.OS_PendListInit)
    i.OS_PendListInsertPrio                  0x08001614   Section        0  os_core.o(i.OS_PendListInsertPrio)
    i.OS_PendListRemove                      0x0800166e   Section        0  os_core.o(i.OS_PendListRemove)
    i.OS_PendListRemove1                     0x08001694   Section        0  os_core.o(i.OS_PendListRemove1)
    i.OS_Post                                0x080016ca   Section        0  os_core.o(i.OS_Post)
    i.OS_Post1                               0x0800176c   Section        0  os_core.o(i.OS_Post1)
    i.OS_PrioGetHighest                      0x08001794   Section        0  os_prio.o(i.OS_PrioGetHighest)
    i.OS_PrioInit                            0x080017b8   Section        0  os_prio.o(i.OS_PrioInit)
    i.OS_PrioInsert                          0x080017d0   Section        0  os_prio.o(i.OS_PrioInsert)
    i.OS_PrioRemove                          0x080017f0   Section        0  os_prio.o(i.OS_PrioRemove)
    i.OS_QInit                               0x08001810   Section        0  os_q.o(i.OS_QInit)
    i.OS_RdyListInit                         0x08001820   Section        0  os_core.o(i.OS_RdyListInit)
    i.OS_RdyListInsert                       0x08001844   Section        0  os_core.o(i.OS_RdyListInsert)
    i.OS_RdyListInsertHead                   0x08001874   Section        0  os_core.o(i.OS_RdyListInsertHead)
    i.OS_RdyListInsertTail                   0x080018ac   Section        0  os_core.o(i.OS_RdyListInsertTail)
    i.OS_RdyListRemove                       0x080018e0   Section        0  os_core.o(i.OS_RdyListRemove)
    i.OS_SchedLockTimeMeasStart              0x08001934   Section        0  os_core.o(i.OS_SchedLockTimeMeasStart)
    i.OS_SchedLockTimeMeasStop               0x08001950   Section        0  os_core.o(i.OS_SchedLockTimeMeasStop)
    i.OS_SemInit                             0x0800198c   Section        0  os_sem.o(i.OS_SemInit)
    i.OS_StatTask                            0x0800199c   Section        0  os_stat.o(i.OS_StatTask)
    i.OS_StatTaskInit                        0x08001ad4   Section        0  os_stat.o(i.OS_StatTaskInit)
    i.OS_TaskBlock                           0x08001b90   Section        0  os_core.o(i.OS_TaskBlock)
    i.OS_TaskChangePrio                      0x08001bb8   Section        0  os_task.o(i.OS_TaskChangePrio)
    i.OS_TaskInit                            0x08001c70   Section        0  os_task.o(i.OS_TaskInit)
    i.OS_TaskInitTCB                         0x08001c88   Section        0  os_task.o(i.OS_TaskInitTCB)
    i.OS_TaskReturn                          0x08001d1c   Section        0  os_task.o(i.OS_TaskReturn)
    i.OS_TaskSemPost                         0x08001d34   Section        0  os_task.o(i.OS_TaskSemPost)
    i.OS_TickListInsert                      0x08001dcc   Section        0  os_tick.o(i.OS_TickListInsert)
    i.OS_TickListInsertDly                   0x08001e20   Section        0  os_tick.o(i.OS_TickListInsertDly)
    i.OS_TickListRemove                      0x08001e9c   Section        0  os_tick.o(i.OS_TickListRemove)
    i.OS_TickListResetPeak                   0x08001ed4   Section        0  os_tick.o(i.OS_TickListResetPeak)
    i.OS_TickListUpdateTimeout               0x08001ed8   Section        0  os_tick.o(i.OS_TickListUpdateTimeout)
    OS_TickListUpdateTimeout                 0x08001ed9   Thumb Code   204  os_tick.o(i.OS_TickListUpdateTimeout)
    i.OS_TickTask                            0x08001fa8   Section        0  os_tick.o(i.OS_TickTask)
    i.OS_TickTaskInit                        0x0800204c   Section        0  os_tick.o(i.OS_TickTaskInit)
    i.OS_TmrInit                             0x080020f8   Section        0  os_tmr.o(i.OS_TmrInit)
    i.OS_TmrLock                             0x08002208   Section        0  os_tmr.o(i.OS_TmrLock)
    OS_TmrLock                               0x08002209   Thumb Code    20  os_tmr.o(i.OS_TmrLock)
    i.OS_TmrResetPeak                        0x08002220   Section        0  os_tmr.o(i.OS_TmrResetPeak)
    i.OS_TmrTask                             0x08002224   Section        0  os_tmr.o(i.OS_TmrTask)
    i.OS_TmrUnlink                           0x080022bc   Section        0  os_tmr.o(i.OS_TmrUnlink)
    i.OS_TmrUnlock                           0x080022f8   Section        0  os_tmr.o(i.OS_TmrUnlock)
    OS_TmrUnlock                             0x080022f9   Thumb Code    14  os_tmr.o(i.OS_TmrUnlock)
    i.RCC_AHB1PeriphClockCmd                 0x0800230c   Section        0  stm32f4xx_rcc.o(i.RCC_AHB1PeriphClockCmd)
    i.RCC_APB2PeriphClockCmd                 0x08002324   Section        0  stm32f4xx_rcc.o(i.RCC_APB2PeriphClockCmd)
    i.RCC_GetClocksFreq                      0x0800233c   Section        0  stm32f4xx_rcc.o(i.RCC_GetClocksFreq)
    i.SVC_Handler                            0x080023d0   Section        0  stm32f4xx_it.o(i.SVC_Handler)
    i.SetSysClock                            0x080023d4   Section        0  system_stm32f4xx.o(i.SetSysClock)
    SetSysClock                              0x080023d5   Thumb Code    98  system_stm32f4xx.o(i.SetSysClock)
    i.SystemInit                             0x08002448   Section        0  system_stm32f4xx.o(i.SystemInit)
    i.USART_Cmd                              0x080024a4   Section        0  stm32f4xx_usart.o(i.USART_Cmd)
    i.USART_GetFlagStatus                    0x080024b8   Section        0  stm32f4xx_usart.o(i.USART_GetFlagStatus)
    i.USART_Init                             0x080024c8   Section        0  stm32f4xx_usart.o(i.USART_Init)
    i.USART_SendData                         0x08002574   Section        0  stm32f4xx_usart.o(i.USART_SendData)
    i.USARTx_Config                          0x0800257c   Section        0  bsp_usart.o(i.USARTx_Config)
    i.UsageFault_Handler                     0x08002614   Section        0  stm32f4xx_it.o(i.UsageFault_Handler)
    i.__0printf$2                            0x08002618   Section        0  printf2.o(i.__0printf$2)
    i.__scatterload_copy                     0x08002638   Section       14  handlers.o(i.__scatterload_copy)
    i.__scatterload_null                     0x08002646   Section        2  handlers.o(i.__scatterload_null)
    i.__scatterload_zeroinit                 0x08002648   Section       14  handlers.o(i.__scatterload_zeroinit)
    i._printf_core                           0x08002656   Section        0  printf2.o(i._printf_core)
    _printf_core                             0x08002657   Thumb Code   214  printf2.o(i._printf_core)
    i.fputc                                  0x0800272c   Section        0  bsp_usart.o(i.fputc)
    i.main                                   0x08002750   Section        0  app.o(i.main)
    i.thread1_func                           0x08002814   Section        0  app.o(i.thread1_func)
    thread1_func                             0x08002815   Thumb Code    56  app.o(i.thread1_func)
    i.thread2_func                           0x08002858   Section        0  app.o(i.thread2_func)
    thread2_func                             0x08002859   Thumb Code    98  app.o(i.thread2_func)
    i.thread3_func                           0x080028c0   Section        0  app.o(i.thread3_func)
    thread3_func                             0x080028c1   Thumb Code     2  app.o(i.thread3_func)
    .constdata                               0x080028c2   Section       13  app.o(.constdata)
    __func__                                 0x080028c2   Data          13  app.o(.constdata)
    .constdata                               0x080028d0   Section        4  os_cfg_app.o(.constdata)
    .constdata                               0x080028d4   Section        4  os_cfg_app.o(.constdata)
    .constdata                               0x080028d8   Section        4  os_cfg_app.o(.constdata)
    .constdata                               0x080028dc   Section        4  os_cfg_app.o(.constdata)
    .constdata                               0x080028e0   Section        4  os_cfg_app.o(.constdata)
    .constdata                               0x080028e4   Section        2  os_cfg_app.o(.constdata)
    .constdata                               0x080028e8   Section        4  os_cfg_app.o(.constdata)
    .constdata                               0x080028ec   Section        1  os_cfg_app.o(.constdata)
    .constdata                               0x080028f0   Section        4  os_cfg_app.o(.constdata)
    .constdata                               0x080028f4   Section        4  os_cfg_app.o(.constdata)
    .constdata                               0x080028f8   Section        4  os_cfg_app.o(.constdata)
    .constdata                               0x080028fc   Section        4  os_cfg_app.o(.constdata)
    .constdata                               0x08002900   Section        4  os_cfg_app.o(.constdata)
    .constdata                               0x08002904   Section        4  os_cfg_app.o(.constdata)
    .constdata                               0x08002908   Section        1  os_cfg_app.o(.constdata)
    .constdata                               0x0800290c   Section        4  os_cfg_app.o(.constdata)
    .constdata                               0x08002910   Section        4  os_cfg_app.o(.constdata)
    .constdata                               0x08002914   Section        4  os_cfg_app.o(.constdata)
    .constdata                               0x08002918   Section        1  os_cfg_app.o(.constdata)
    .constdata                               0x0800291c   Section        4  os_cfg_app.o(.constdata)
    .constdata                               0x08002920   Section        4  os_cfg_app.o(.constdata)
    .constdata                               0x08002924   Section        4  os_cfg_app.o(.constdata)
    .constdata                               0x08002928   Section        4  os_cfg_app.o(.constdata)
    .data                                    0x20000000   Section       16  stm32f4xx_rcc.o(.data)
    APBAHBPrescTable                         0x20000000   Data          16  stm32f4xx_rcc.o(.data)
    .data                                    0x20000010   Section        4  cpu_core.o(.data)
    .data                                    0x20000014   Section        8  os_prio.o(.data)
    .data                                    0x2000001c   Section        4  os_var.o(.data)
    .data                                    0x20000020   Section        4  os_var.o(.data)
    .data                                    0x20000024   Section        4  os_var.o(.data)
    .data                                    0x20000028   Section        4  os_var.o(.data)
    .data                                    0x2000002c   Section        4  os_var.o(.data)
    .data                                    0x20000030   Section        4  os_var.o(.data)
    .data                                    0x20000034   Section        4  os_var.o(.data)
    .data                                    0x20000038   Section        4  os_var.o(.data)
    .data                                    0x2000003c   Section        1  os_var.o(.data)
    .data                                    0x2000003d   Section        1  os_var.o(.data)
    .data                                    0x2000003e   Section        2  os_var.o(.data)
    .data                                    0x20000040   Section        2  os_var.o(.data)
    .data                                    0x20000044   Section        8  os_var.o(.data)
    .data                                    0x2000004c   Section        2  os_var.o(.data)
    .data                                    0x2000004e   Section        1  os_var.o(.data)
    .data                                    0x2000004f   Section        1  os_var.o(.data)
    .data                                    0x20000050   Section        1  os_var.o(.data)
    .data                                    0x20000052   Section        2  os_var.o(.data)
    .data                                    0x20000054   Section        4  os_var.o(.data)
    .data                                    0x20000058   Section        4  os_var.o(.data)
    .data                                    0x2000005c   Section        4  os_var.o(.data)
    .data                                    0x20000060   Section        1  os_var.o(.data)
    .data                                    0x20000062   Section        2  os_var.o(.data)
    .data                                    0x20000064   Section        1  os_var.o(.data)
    .data                                    0x20000066   Section        2  os_var.o(.data)
    .data                                    0x20000068   Section        2  os_var.o(.data)
    .data                                    0x2000006c   Section        4  os_var.o(.data)
    .data                                    0x20000070   Section        4  os_var.o(.data)
    .data                                    0x20000074   Section        4  os_var.o(.data)
    .data                                    0x20000078   Section        1  os_var.o(.data)
    .data                                    0x2000007c   Section        4  os_var.o(.data)
    .data                                    0x20000080   Section        4  os_var.o(.data)
    .data                                    0x20000084   Section        2  os_var.o(.data)
    .data                                    0x20000086   Section        1  os_var.o(.data)
    .data                                    0x20000088   Section        4  os_var.o(.data)
    .data                                    0x2000008c   Section        4  os_var.o(.data)
    .data                                    0x20000090   Section        4  os_var.o(.data)
    .data                                    0x20000094   Section        4  os_var.o(.data)
    .data                                    0x20000098   Section        2  os_var.o(.data)
    .data                                    0x2000009c   Section        4  os_var.o(.data)
    .data                                    0x200000a0   Section        4  os_var.o(.data)
    .data                                    0x200000a4   Section        4  os_var.o(.data)
    .data                                    0x200000a8   Section        4  os_var.o(.data)
    .data                                    0x200000ac   Section        4  os_var.o(.data)
    .data                                    0x200000b0   Section        4  os_var.o(.data)
    .data                                    0x200000b4   Section        4  os_var.o(.data)
    .data                                    0x200000b8   Section        4  os_cpu_c.o(.data)
    .data                                    0x200000bc   Section        4  stdout.o(.data)
    .bss                                     0x200000c0   Section     6636  app.o(.bss)
    thread1_TCB                              0x200000c0   Data         164  app.o(.bss)
    thread2_TCB                              0x20000164   Data         164  app.o(.bss)
    thread3_TCB                              0x20000208   Data         164  app.o(.bss)
    thread1_stack                            0x200002ac   Data        2048  app.o(.bss)
    thread2_stack                            0x20000aac   Data        2048  app.o(.bss)
    thread3_stack                            0x200012ac   Data        2048  app.o(.bss)
    .bss                                     0x20001aac   Section       16  cpu_core.o(.bss)
    .bss                                     0x20001abc   Section      256  os_cfg_app.o(.bss)
    .bss                                     0x20001bbc   Section      400  os_cfg_app.o(.bss)
    .bss                                     0x20001d4c   Section     1600  os_cfg_app.o(.bss)
    .bss                                     0x2000238c   Section      400  os_cfg_app.o(.bss)
    .bss                                     0x2000251c   Section      400  os_cfg_app.o(.bss)
    .bss                                     0x200026ac   Section      400  os_cfg_app.o(.bss)
    .bss                                     0x2000283c   Section      164  os_var.o(.bss)
    .bss                                     0x200028e0   Section      768  os_var.o(.bss)
    .bss                                     0x20002be0   Section      164  os_var.o(.bss)
    .bss                                     0x20002c84   Section      164  os_var.o(.bss)
    .bss                                     0x20002d28   Section       32  os_var.o(.bss)
    .bss                                     0x20002d48   Section      164  os_var.o(.bss)
    STACK                                    0x20002df0   Section     4096  startup_stm32f411xe.o(STACK)

    Global Symbols

    Symbol Name                              Value     Ov Type        Size  Object(Section)

    BuildAttributes$$THM_ISAv4$E$P$D$K$B$S$7EM$VFPi3$EXTD16$VFPS$VFMA$PE$A:L22UL41UL21$X:L11$S22US41US21$IEEE1$IW$USESV6$~STKCKD$USESV7$~SHL$OSPACE$ROPI$EBA8$MICROLIB$REQ8$PRES8$EABIv2 0x00000000   Number         0  anon$$obj.o ABSOLUTE
    __ARM_use_no_argv                        0x00000000   Number         0  app.o ABSOLUTE
    _printf_a                                0x00000000   Number         0  stubs.o ABSOLUTE
    _printf_c                                0x00000000   Number         0  stubs.o ABSOLUTE
    _printf_charcount                        0x00000000   Number         0  stubs.o ABSOLUTE
    _printf_d                                0x00000000   Number         0  stubs.o ABSOLUTE
    _printf_e                                0x00000000   Number         0  stubs.o ABSOLUTE
    _printf_f                                0x00000000   Number         0  stubs.o ABSOLUTE
    _printf_flags                            0x00000000   Number         0  stubs.o ABSOLUTE
    _printf_fp_dec                           0x00000000   Number         0  stubs.o ABSOLUTE
    _printf_fp_hex                           0x00000000   Number         0  stubs.o ABSOLUTE
    _printf_g                                0x00000000   Number         0  stubs.o ABSOLUTE
    _printf_i                                0x00000000   Number         0  stubs.o ABSOLUTE
    _printf_int_dec                          0x00000000   Number         0  stubs.o ABSOLUTE
    _printf_l                                0x00000000   Number         0  stubs.o ABSOLUTE
    _printf_lc                               0x00000000   Number         0  stubs.o ABSOLUTE
    _printf_ll                               0x00000000   Number         0  stubs.o ABSOLUTE
    _printf_lld                              0x00000000   Number         0  stubs.o ABSOLUTE
    _printf_lli                              0x00000000   Number         0  stubs.o ABSOLUTE
    _printf_llo                              0x00000000   Number         0  stubs.o ABSOLUTE
    _printf_llu                              0x00000000   Number         0  stubs.o ABSOLUTE
    _printf_llx                              0x00000000   Number         0  stubs.o ABSOLUTE
    _printf_longlong_dec                     0x00000000   Number         0  stubs.o ABSOLUTE
    _printf_longlong_hex                     0x00000000   Number         0  stubs.o ABSOLUTE
    _printf_longlong_oct                     0x00000000   Number         0  stubs.o ABSOLUTE
    _printf_ls                               0x00000000   Number         0  stubs.o ABSOLUTE
    _printf_mbtowc                           0x00000000   Number         0  stubs.o ABSOLUTE
    _printf_n                                0x00000000   Number         0  stubs.o ABSOLUTE
    _printf_o                                0x00000000   Number         0  stubs.o ABSOLUTE
    _printf_p                                0x00000000   Number         0  stubs.o ABSOLUTE
    _printf_percent                          0x00000000   Number         0  stubs.o ABSOLUTE
    _printf_pre_padding                      0x00000000   Number         0  stubs.o ABSOLUTE
    _printf_return_value                     0x00000000   Number         0  stubs.o ABSOLUTE
    _printf_s                                0x00000000   Number         0  stubs.o ABSOLUTE
    _printf_sizespec                         0x00000000   Number         0  stubs.o ABSOLUTE
    _printf_str                              0x00000000   Number         0  stubs.o ABSOLUTE
    _printf_truncate_signed                  0x00000000   Number         0  stubs.o ABSOLUTE
    _printf_truncate_unsigned                0x00000000   Number         0  stubs.o ABSOLUTE
    _printf_u                                0x00000000   Number         0  stubs.o ABSOLUTE
    _printf_wc                               0x00000000   Number         0  stubs.o ABSOLUTE
    _printf_wctomb                           0x00000000   Number         0  stubs.o ABSOLUTE
    _printf_widthprec                        0x00000000   Number         0  stubs.o ABSOLUTE
    _printf_x                                0x00000000   Number         0  stubs.o ABSOLUTE
    __cpp_initialize__aeabi_                  - Undefined Weak Reference
    __cxa_finalize                            - Undefined Weak Reference
    __decompress                              - Undefined Weak Reference
    _clock_init                               - Undefined Weak Reference
    _microlib_exit                            - Undefined Weak Reference
    __Vectors_Size                           0x00000198   Number         0  startup_stm32f411xe.o ABSOLUTE
    __Vectors                                0x08000000   Data           4  startup_stm32f411xe.o(RESET)
    __Vectors_End                            0x08000198   Data           0  startup_stm32f411xe.o(RESET)
    __main                                   0x08000199   Thumb Code     0  entry.o(.ARM.Collect$$$$00000000)
    _main_stk                                0x08000199   Thumb Code     0  entry2.o(.ARM.Collect$$$$00000001)
    _main_scatterload                        0x0800019d   Thumb Code     0  entry5.o(.ARM.Collect$$$$00000004)
    __main_after_scatterload                 0x080001a1   Thumb Code     0  entry5.o(.ARM.Collect$$$$00000004)
    _main_clock                              0x080001a1   Thumb Code     0  entry7b.o(.ARM.Collect$$$$00000008)
    _main_cpp_init                           0x080001a1   Thumb Code     0  entry8b.o(.ARM.Collect$$$$0000000A)
    _main_init                               0x080001a1   Thumb Code     0  entry9a.o(.ARM.Collect$$$$0000000B)
    __rt_final_cpp                           0x080001a9   Thumb Code     0  entry10a.o(.ARM.Collect$$$$0000000D)
    __rt_final_exit                          0x080001a9   Thumb Code     0  entry11a.o(.ARM.Collect$$$$0000000F)
    Reset_Handler                            0x080001ad   Thumb Code    40  startup_stm32f411xe.o(.text)
    ADC_IRQHandler                           0x080001e7   Thumb Code     0  startup_stm32f411xe.o(.text)
    DMA1_Stream0_IRQHandler                  0x080001e7   Thumb Code     0  startup_stm32f411xe.o(.text)
    DMA1_Stream1_IRQHandler                  0x080001e7   Thumb Code     0  startup_stm32f411xe.o(.text)
    DMA1_Stream2_IRQHandler                  0x080001e7   Thumb Code     0  startup_stm32f411xe.o(.text)
    DMA1_Stream3_IRQHandler                  0x080001e7   Thumb Code     0  startup_stm32f411xe.o(.text)
    DMA1_Stream4_IRQHandler                  0x080001e7   Thumb Code     0  startup_stm32f411xe.o(.text)
    DMA1_Stream5_IRQHandler                  0x080001e7   Thumb Code     0  startup_stm32f411xe.o(.text)
    DMA1_Stream6_IRQHandler                  0x080001e7   Thumb Code     0  startup_stm32f411xe.o(.text)
    DMA1_Stream7_IRQHandler                  0x080001e7   Thumb Code     0  startup_stm32f411xe.o(.text)
    DMA2_Stream0_IRQHandler                  0x080001e7   Thumb Code     0  startup_stm32f411xe.o(.text)
    DMA2_Stream1_IRQHandler                  0x080001e7   Thumb Code     0  startup_stm32f411xe.o(.text)
    DMA2_Stream2_IRQHandler                  0x080001e7   Thumb Code     0  startup_stm32f411xe.o(.text)
    DMA2_Stream3_IRQHandler                  0x080001e7   Thumb Code     0  startup_stm32f411xe.o(.text)
    DMA2_Stream4_IRQHandler                  0x080001e7   Thumb Code     0  startup_stm32f411xe.o(.text)
    DMA2_Stream5_IRQHandler                  0x080001e7   Thumb Code     0  startup_stm32f411xe.o(.text)
    DMA2_Stream6_IRQHandler                  0x080001e7   Thumb Code     0  startup_stm32f411xe.o(.text)
    DMA2_Stream7_IRQHandler                  0x080001e7   Thumb Code     0  startup_stm32f411xe.o(.text)
    EXTI0_IRQHandler                         0x080001e7   Thumb Code     0  startup_stm32f411xe.o(.text)
    EXTI15_10_IRQHandler                     0x080001e7   Thumb Code     0  startup_stm32f411xe.o(.text)
    EXTI1_IRQHandler                         0x080001e7   Thumb Code     0  startup_stm32f411xe.o(.text)
    EXTI2_IRQHandler                         0x080001e7   Thumb Code     0  startup_stm32f411xe.o(.text)
    EXTI3_IRQHandler                         0x080001e7   Thumb Code     0  startup_stm32f411xe.o(.text)
    EXTI4_IRQHandler                         0x080001e7   Thumb Code     0  startup_stm32f411xe.o(.text)
    EXTI9_5_IRQHandler                       0x080001e7   Thumb Code     0  startup_stm32f411xe.o(.text)
    FLASH_IRQHandler                         0x080001e7   Thumb Code     0  startup_stm32f411xe.o(.text)
    FPU_IRQHandler                           0x080001e7   Thumb Code     0  startup_stm32f411xe.o(.text)
    I2C1_ER_IRQHandler                       0x080001e7   Thumb Code     0  startup_stm32f411xe.o(.text)
    I2C1_EV_IRQHandler                       0x080001e7   Thumb Code     0  startup_stm32f411xe.o(.text)
    I2C2_ER_IRQHandler                       0x080001e7   Thumb Code     0  startup_stm32f411xe.o(.text)
    I2C2_EV_IRQHandler                       0x080001e7   Thumb Code     0  startup_stm32f411xe.o(.text)
    I2C3_ER_IRQHandler                       0x080001e7   Thumb Code     0  startup_stm32f411xe.o(.text)
    I2C3_EV_IRQHandler                       0x080001e7   Thumb Code     0  startup_stm32f411xe.o(.text)
    OTG_FS_IRQHandler                        0x080001e7   Thumb Code     0  startup_stm32f411xe.o(.text)
    OTG_FS_WKUP_IRQHandler                   0x080001e7   Thumb Code     0  startup_stm32f411xe.o(.text)
    PVD_IRQHandler                           0x080001e7   Thumb Code     0  startup_stm32f411xe.o(.text)
    RCC_IRQHandler                           0x080001e7   Thumb Code     0  startup_stm32f411xe.o(.text)
    RTC_Alarm_IRQHandler                     0x080001e7   Thumb Code     0  startup_stm32f411xe.o(.text)
    RTC_WKUP_IRQHandler                      0x080001e7   Thumb Code     0  startup_stm32f411xe.o(.text)
    SDIO_IRQHandler                          0x080001e7   Thumb Code     0  startup_stm32f411xe.o(.text)
    SPI1_IRQHandler                          0x080001e7   Thumb Code     0  startup_stm32f411xe.o(.text)
    SPI2_IRQHandler                          0x080001e7   Thumb Code     0  startup_stm32f411xe.o(.text)
    SPI3_IRQHandler                          0x080001e7   Thumb Code     0  startup_stm32f411xe.o(.text)
    SPI4_IRQHandler                          0x080001e7   Thumb Code     0  startup_stm32f411xe.o(.text)
    SPI5_IRQHandler                          0x080001e7   Thumb Code     0  startup_stm32f411xe.o(.text)
    TAMP_STAMP_IRQHandler                    0x080001e7   Thumb Code     0  startup_stm32f411xe.o(.text)
    TIM1_BRK_TIM9_IRQHandler                 0x080001e7   Thumb Code     0  startup_stm32f411xe.o(.text)
    TIM1_CC_IRQHandler                       0x080001e7   Thumb Code     0  startup_stm32f411xe.o(.text)
    TIM1_TRG_COM_TIM11_IRQHandler            0x080001e7   Thumb Code     0  startup_stm32f411xe.o(.text)
    TIM1_UP_TIM10_IRQHandler                 0x080001e7   Thumb Code     0  startup_stm32f411xe.o(.text)
    TIM2_IRQHandler                          0x080001e7   Thumb Code     0  startup_stm32f411xe.o(.text)
    TIM3_IRQHandler                          0x080001e7   Thumb Code     0  startup_stm32f411xe.o(.text)
    TIM4_IRQHandler                          0x080001e7   Thumb Code     0  startup_stm32f411xe.o(.text)
    TIM5_IRQHandler                          0x080001e7   Thumb Code     0  startup_stm32f411xe.o(.text)
    USART1_IRQHandler                        0x080001e7   Thumb Code     0  startup_stm32f411xe.o(.text)
    USART2_IRQHandler                        0x080001e7   Thumb Code     0  startup_stm32f411xe.o(.text)
    USART6_IRQHandler                        0x080001e7   Thumb Code     0  startup_stm32f411xe.o(.text)
    WWDG_IRQHandler                          0x080001e7   Thumb Code     0  startup_stm32f411xe.o(.text)
    CPU_IntDis                               0x080001f9   Thumb Code     0  cpu_a.o(.text)
    CPU_IntEn                                0x080001fd   Thumb Code     0  cpu_a.o(.text)
    CPU_SR_Save                              0x08000201   Thumb Code     0  cpu_a.o(.text)
    CPU_SR_Restore                           0x08000209   Thumb Code     0  cpu_a.o(.text)
    CPU_WaitForInt                           0x0800020f   Thumb Code     0  cpu_a.o(.text)
    CPU_WaitForExcept                        0x08000213   Thumb Code     0  cpu_a.o(.text)
    CPU_CntLeadZeros                         0x08000217   Thumb Code     0  cpu_a.o(.text)
    CPU_CntTrailZeros                        0x0800021d   Thumb Code     0  cpu_a.o(.text)
    CPU_RevBits                              0x08000227   Thumb Code     0  cpu_a.o(.text)
    __scatterload                            0x0800022d   Thumb Code    28  init.o(.text)
    __scatterload_rt2                        0x0800022d   Thumb Code     0  init.o(.text)
    OS_CPU_FP_Reg_Push                       0x08000251   Thumb Code     0  os_cpu_a.o(CODE)
    OS_CPU_FP_Reg_Pop                        0x0800026b   Thumb Code     0  os_cpu_a.o(CODE)
    OSStartHighRdy                           0x0800027d   Thumb Code     0  os_cpu_a.o(CODE)
    OSCtxSw                                  0x080002ed   Thumb Code     0  os_cpu_a.o(CODE)
    OSIntCtxSw                               0x080002f7   Thumb Code     0  os_cpu_a.o(CODE)
    OS_CPU_PendSVHandler                     0x08000301   Thumb Code     0  os_cpu_a.o(CODE)
    BSP_CPU_ClkFreq                          0x0800035d   Thumb Code    14  bsp.o(i.BSP_CPU_ClkFreq)
    BSP_Init                                 0x0800036b   Thumb Code     4  bsp.o(i.BSP_Init)
    BusFault_Handler                         0x0800036f   Thumb Code     2  stm32f4xx_it.o(i.BusFault_Handler)
    CPU_Init                                 0x08000371   Thumb Code    20  cpu_core.o(i.CPU_Init)
    CPU_NameClr                              0x08000389   Thumb Code    26  cpu_core.o(i.CPU_NameClr)
    CPU_TS_TmrFreqSet                        0x080003a9   Thumb Code     6  cpu_core.o(i.CPU_TS_TmrFreqSet)
    CPU_TS_TmrInit                           0x080003b5   Thumb Code    38  bsp.o(i.CPU_TS_TmrInit)
    CPU_TS_TmrRd                             0x080003e5   Thumb Code     6  bsp.o(i.CPU_TS_TmrRd)
    DebugMon_Handler                         0x080003f1   Thumb Code     2  stm32f4xx_it.o(i.DebugMon_Handler)
    GPIO_Init                                0x080003f3   Thumb Code   162  stm32f4xx_gpio.o(i.GPIO_Init)
    GPIO_PinAFConfig                         0x08000495   Thumb Code    32  stm32f4xx_gpio.o(i.GPIO_PinAFConfig)
    GPIO_ResetBits                           0x080004b5   Thumb Code     4  stm32f4xx_gpio.o(i.GPIO_ResetBits)
    GPIO_SetBits                             0x080004b9   Thumb Code     4  stm32f4xx_gpio.o(i.GPIO_SetBits)
    HardFault_Handler                        0x080004bd   Thumb Code     2  stm32f4xx_it.o(i.HardFault_Handler)
    MemManage_Handler                        0x080004bf   Thumb Code     2  stm32f4xx_it.o(i.MemManage_Handler)
    Mem_Clr                                  0x080004c1   Thumb Code     8  lib_mem.o(i.Mem_Clr)
    Mem_Set                                  0x080004c9   Thumb Code    68  lib_mem.o(i.Mem_Set)
    NMI_Handler                              0x0800050d   Thumb Code     2  stm32f4xx_it.o(i.NMI_Handler)
    OSCfg_Init                               0x0800050f   Thumb Code     2  os_cfg_app.o(i.OSCfg_Init)
    OSIdleTaskHook                           0x08000511   Thumb Code    12  os_cpu_c.o(i.OSIdleTaskHook)
    OSInit                                   0x08000521   Thumb Code   256  os_core.o(i.OSInit)
    OSInitHook                               0x08000675   Thumb Code    22  os_cpu_c.o(i.OSInitHook)
    OSIntExit                                0x08000699   Thumb Code    98  os_core.o(i.OSIntExit)
    OSMutexCreate                            0x0800071d   Thumb Code    64  os_mutex.o(i.OSMutexCreate)
    OSMutexPend                              0x08000765   Thumb Code   310  os_mutex.o(i.OSMutexPend)
    OSMutexPost                              0x080008a9   Thumb Code   278  os_mutex.o(i.OSMutexPost)
    OSSched                                  0x080009cd   Thumb Code    94  os_core.o(i.OSSched)
    OSSchedLock                              0x08000a49   Thumb Code    60  os_core.o(i.OSSchedLock)
    OSSchedUnlock                            0x08000a8d   Thumb Code    80  os_core.o(i.OSSchedUnlock)
    OSStart                                  0x08000ae5   Thumb Code    62  os_core.o(i.OSStart)
    OSStatReset                              0x08000b3d   Thumb Code    46  os_stat.o(i.OSStatReset)
    OSStatTaskHook                           0x08000b81   Thumb Code    12  os_cpu_c.o(i.OSStatTaskHook)
    OSTaskCreate                             0x08000b91   Thumb Code   284  os_task.o(i.OSTaskCreate)
    OSTaskCreateHook                         0x08000cbd   Thumb Code    12  os_cpu_c.o(i.OSTaskCreateHook)
    OSTaskDel                                0x08000ccd   Thumb Code   272  os_task.o(i.OSTaskDel)
    OSTaskDelHook                            0x08000de9   Thumb Code    12  os_cpu_c.o(i.OSTaskDelHook)
    OSTaskReturnHook                         0x08000df9   Thumb Code    12  os_cpu_c.o(i.OSTaskReturnHook)
    OSTaskSemPend                            0x08000e09   Thumb Code   264  os_task.o(i.OSTaskSemPend)
    OSTaskSemPost                            0x08000f19   Thumb Code    46  os_task.o(i.OSTaskSemPost)
    OSTaskStkInit                            0x08000f49   Thumb Code   318  os_cpu_c.o(i.OSTaskStkInit)
    OSTaskSwHook                             0x080010f1   Thumb Code   104  os_cpu_c.o(i.OSTaskSwHook)
    OSTimeDly                                0x08001169   Thumb Code   110  os_time.o(i.OSTimeDly)
    OSTimeDlyHMSM                            0x080011e1   Thumb Code   246  os_time.o(i.OSTimeDlyHMSM)
    OSTimeTick                               0x080012e5   Thumb Code    44  os_time.o(i.OSTimeTick)
    OSTimeTickHook                           0x08001321   Thumb Code    12  os_cpu_c.o(i.OSTimeTickHook)
    OS_CPU_SysTickHandler                    0x08001331   Thumb Code    30  os_cpu_c.o(i.OS_CPU_SysTickHandler)
    OS_CPU_SysTickInit                       0x08001355   Thumb Code    36  os_cpu_c.o(i.OS_CPU_SysTickInit)
    OS_FlagInit                              0x0800137d   Thumb Code    10  os_flag.o(i.OS_FlagInit)
    OS_IdleTask                              0x0800138d   Thumb Code    30  os_core.o(i.OS_IdleTask)
    OS_IdleTaskInit                          0x080013b5   Thumb Code    60  os_core.o(i.OS_IdleTaskInit)
    OS_MemInit                               0x0800141d   Thumb Code    10  os_mem.o(i.OS_MemInit)
    OS_MsgPoolInit                           0x0800142d   Thumb Code    90  os_msg.o(i.OS_MsgPoolInit)
    OS_MsgQFreeAll                           0x08001495   Thumb Code    44  os_msg.o(i.OS_MsgQFreeAll)
    OS_MsgQInit                              0x080014c5   Thumb Code    12  os_msg.o(i.OS_MsgQInit)
    OS_MutexGrpPostAll                       0x080014d1   Thumb Code    76  os_mutex.o(i.OS_MutexGrpPostAll)
    OS_MutexGrpPrioFindHighest               0x0800151d   Thumb Code    34  os_mutex.o(i.OS_MutexGrpPrioFindHighest)
    OS_MutexGrpRemove                        0x0800153f   Thumb Code    20  os_mutex.o(i.OS_MutexGrpRemove)
    OS_MutexInit                             0x08001555   Thumb Code    10  os_mutex.o(i.OS_MutexInit)
    OS_Pend                                  0x08001565   Thumb Code    66  os_core.o(i.OS_Pend)
    OS_PendDataInit                          0x080015ad   Thumb Code    48  os_core.o(i.OS_PendDataInit)
    OS_PendListChangePrio                    0x080015dd   Thumb Code    46  os_core.o(i.OS_PendListChangePrio)
    OS_PendListInit                          0x0800160b   Thumb Code    10  os_core.o(i.OS_PendListInit)
    OS_PendListInsertPrio                    0x08001615   Thumb Code    90  os_core.o(i.OS_PendListInsertPrio)
    OS_PendListRemove                        0x0800166f   Thumb Code    38  os_core.o(i.OS_PendListRemove)
    OS_PendListRemove1                       0x08001695   Thumb Code    54  os_core.o(i.OS_PendListRemove1)
    OS_Post                                  0x080016cb   Thumb Code   162  os_core.o(i.OS_Post)
    OS_Post1                                 0x0800176d   Thumb Code    38  os_core.o(i.OS_Post1)
    OS_PrioGetHighest                        0x08001795   Thumb Code    32  os_prio.o(i.OS_PrioGetHighest)
    OS_PrioInit                              0x080017b9   Thumb Code    20  os_prio.o(i.OS_PrioInit)
    OS_PrioInsert                            0x080017d1   Thumb Code    28  os_prio.o(i.OS_PrioInsert)
    OS_PrioRemove                            0x080017f1   Thumb Code    28  os_prio.o(i.OS_PrioRemove)
    OS_QInit                                 0x08001811   Thumb Code    10  os_q.o(i.OS_QInit)
    OS_RdyListInit                           0x08001821   Thumb Code    32  os_core.o(i.OS_RdyListInit)
    OS_RdyListInsert                         0x08001845   Thumb Code    42  os_core.o(i.OS_RdyListInsert)
    OS_RdyListInsertHead                     0x08001875   Thumb Code    52  os_core.o(i.OS_RdyListInsertHead)
    OS_RdyListInsertTail                     0x080018ad   Thumb Code    48  os_core.o(i.OS_RdyListInsertTail)
    OS_RdyListRemove                         0x080018e1   Thumb Code    78  os_core.o(i.OS_RdyListRemove)
    OS_SchedLockTimeMeasStart                0x08001935   Thumb Code    20  os_core.o(i.OS_SchedLockTimeMeasStart)
    OS_SchedLockTimeMeasStop                 0x08001951   Thumb Code    42  os_core.o(i.OS_SchedLockTimeMeasStop)
    OS_SemInit                               0x0800198d   Thumb Code    10  os_sem.o(i.OS_SemInit)
    OS_StatTask                              0x0800199d   Thumb Code   256  os_stat.o(i.OS_StatTask)
    OS_StatTaskInit                          0x08001ad5   Thumb Code   118  os_stat.o(i.OS_StatTaskInit)
    OS_TaskBlock                             0x08001b91   Thumb Code    36  os_core.o(i.OS_TaskBlock)
    OS_TaskChangePrio                        0x08001bb9   Thumb Code   178  os_task.o(i.OS_TaskChangePrio)
    OS_TaskInit                              0x08001c71   Thumb Code    14  os_task.o(i.OS_TaskInit)
    OS_TaskInitTCB                           0x08001c89   Thumb Code   146  os_task.o(i.OS_TaskInitTCB)
    OS_TaskReturn                            0x08001d1d   Thumb Code    20  os_task.o(i.OS_TaskReturn)
    OS_TaskSemPost                           0x08001d35   Thumb Code   148  os_task.o(i.OS_TaskSemPost)
    OS_TickListInsert                        0x08001dcd   Thumb Code    84  os_tick.o(i.OS_TickListInsert)
    OS_TickListInsertDly                     0x08001e21   Thumb Code   110  os_tick.o(i.OS_TickListInsertDly)
    OS_TickListRemove                        0x08001e9d   Thumb Code    56  os_tick.o(i.OS_TickListRemove)
    OS_TickListResetPeak                     0x08001ed5   Thumb Code     2  os_tick.o(i.OS_TickListResetPeak)
    OS_TickTask                              0x08001fa9   Thumb Code   150  os_tick.o(i.OS_TickTask)
    OS_TickTaskInit                          0x0800204d   Thumb Code   110  os_tick.o(i.OS_TickTaskInit)
    OS_TmrInit                               0x080020f9   Thumb Code   166  os_tmr.o(i.OS_TmrInit)
    OS_TmrResetPeak                          0x08002221   Thumb Code     2  os_tmr.o(i.OS_TmrResetPeak)
    OS_TmrTask                               0x08002225   Thumb Code   138  os_tmr.o(i.OS_TmrTask)
    OS_TmrUnlink                             0x080022bd   Thumb Code    50  os_tmr.o(i.OS_TmrUnlink)
    RCC_AHB1PeriphClockCmd                   0x0800230d   Thumb Code    18  stm32f4xx_rcc.o(i.RCC_AHB1PeriphClockCmd)
    RCC_APB2PeriphClockCmd                   0x08002325   Thumb Code    18  stm32f4xx_rcc.o(i.RCC_APB2PeriphClockCmd)
    RCC_GetClocksFreq                        0x0800233d   Thumb Code   132  stm32f4xx_rcc.o(i.RCC_GetClocksFreq)
    SVC_Handler                              0x080023d1   Thumb Code     2  stm32f4xx_it.o(i.SVC_Handler)
    SystemInit                               0x08002449   Thumb Code    74  system_stm32f4xx.o(i.SystemInit)
    USART_Cmd                                0x080024a5   Thumb Code    20  stm32f4xx_usart.o(i.USART_Cmd)
    USART_GetFlagStatus                      0x080024b9   Thumb Code    14  stm32f4xx_usart.o(i.USART_GetFlagStatus)
    USART_Init                               0x080024c9   Thumb Code   164  stm32f4xx_usart.o(i.USART_Init)
    USART_SendData                           0x08002575   Thumb Code     8  stm32f4xx_usart.o(i.USART_SendData)
    USARTx_Config                            0x0800257d   Thumb Code   142  bsp_usart.o(i.USARTx_Config)
    UsageFault_Handler                       0x08002615   Thumb Code     2  stm32f4xx_it.o(i.UsageFault_Handler)
    __0printf$2                              0x08002619   Thumb Code    22  printf2.o(i.__0printf$2)
    __1printf$2                              0x08002619   Thumb Code     0  printf2.o(i.__0printf$2)
    __2printf                                0x08002619   Thumb Code     0  printf2.o(i.__0printf$2)
    __scatterload_copy                       0x08002639   Thumb Code    14  handlers.o(i.__scatterload_copy)
    __scatterload_null                       0x08002647   Thumb Code     2  handlers.o(i.__scatterload_null)
    __scatterload_zeroinit                   0x08002649   Thumb Code    14  handlers.o(i.__scatterload_zeroinit)
    fputc                                    0x0800272d   Thumb Code    30  bsp_usart.o(i.fputc)
    main                                     0x08002751   Thumb Code   152  app.o(i.main)
    OSCfg_IdleTaskStkBasePtr                 0x080028d0   Data           4  os_cfg_app.o(.constdata)
    OSCfg_IdleTaskStkLimit                   0x080028d4   Data           4  os_cfg_app.o(.constdata)
    OSCfg_IdleTaskStkSize                    0x080028d8   Data           4  os_cfg_app.o(.constdata)
    OSCfg_ISRStkBasePtr                      0x080028dc   Data           4  os_cfg_app.o(.constdata)
    OSCfg_ISRStkSize                         0x080028e0   Data           4  os_cfg_app.o(.constdata)
    OSCfg_MsgPoolSize                        0x080028e4   Data           2  os_cfg_app.o(.constdata)
    OSCfg_MsgPoolBasePtr                     0x080028e8   Data           4  os_cfg_app.o(.constdata)
    OSCfg_StatTaskPrio                       0x080028ec   Data           1  os_cfg_app.o(.constdata)
    OSCfg_StatTaskRate_Hz                    0x080028f0   Data           4  os_cfg_app.o(.constdata)
    OSCfg_StatTaskStkBasePtr                 0x080028f4   Data           4  os_cfg_app.o(.constdata)
    OSCfg_StatTaskStkLimit                   0x080028f8   Data           4  os_cfg_app.o(.constdata)
    OSCfg_StatTaskStkSize                    0x080028fc   Data           4  os_cfg_app.o(.constdata)
    OSCfg_StkSizeMin                         0x08002900   Data           4  os_cfg_app.o(.constdata)
    OSCfg_TickRate_Hz                        0x08002904   Data           4  os_cfg_app.o(.constdata)
    OSCfg_TickTaskPrio                       0x08002908   Data           1  os_cfg_app.o(.constdata)
    OSCfg_TickTaskStkBasePtr                 0x0800290c   Data           4  os_cfg_app.o(.constdata)
    OSCfg_TickTaskStkLimit                   0x08002910   Data           4  os_cfg_app.o(.constdata)
    OSCfg_TickTaskStkSize                    0x08002914   Data           4  os_cfg_app.o(.constdata)
    OSCfg_TmrTaskPrio                        0x08002918   Data           1  os_cfg_app.o(.constdata)
    OSCfg_TmrTaskRate_Hz                     0x0800291c   Data           4  os_cfg_app.o(.constdata)
    OSCfg_TmrTaskStkBasePtr                  0x08002920   Data           4  os_cfg_app.o(.constdata)
    OSCfg_TmrTaskStkLimit                    0x08002924   Data           4  os_cfg_app.o(.constdata)
    OSCfg_TmrTaskStkSize                     0x08002928   Data           4  os_cfg_app.o(.constdata)
    Region$$Table$$Base                      0x0800292c   Number         0  anon$$obj.o(Region$$Table)
    Region$$Table$$Limit                     0x0800294c   Number         0  anon$$obj.o(Region$$Table)
    CPU_TS_TmrFreq_Hz                        0x20000010   Data           4  cpu_core.o(.data)
    OSPrioTbl                                0x20000014   Data           8  os_prio.o(.data)
    OS_AppTaskCreateHookPtr                  0x2000001c   Data           4  os_var.o(.data)
    OS_AppTaskDelHookPtr                     0x20000020   Data           4  os_var.o(.data)
    OS_AppTaskReturnHookPtr                  0x20000024   Data           4  os_var.o(.data)
    OS_AppIdleTaskHookPtr                    0x20000028   Data           4  os_var.o(.data)
    OS_AppStatTaskHookPtr                    0x2000002c   Data           4  os_var.o(.data)
    OS_AppTaskSwHookPtr                      0x20000030   Data           4  os_var.o(.data)
    OS_AppTimeTickHookPtr                    0x20000034   Data           4  os_var.o(.data)
    OSIdleTaskCtr                            0x20000038   Data           4  os_var.o(.data)
    OSIntNestingCtr                          0x2000003c   Data           1  os_var.o(.data)
    OSRunning                                0x2000003d   Data           1  os_var.o(.data)
    OSFlagQty                                0x2000003e   Data           2  os_var.o(.data)
    OSMemQty                                 0x20000040   Data           2  os_var.o(.data)
    OSMsgPool                                0x20000044   Data           8  os_var.o(.data)
    OSMutexQty                               0x2000004c   Data           2  os_var.o(.data)
    OSPrioCur                                0x2000004e   Data           1  os_var.o(.data)
    OSPrioHighRdy                            0x2000004f   Data           1  os_var.o(.data)
    OSPrioSaved                              0x20000050   Data           1  os_var.o(.data)
    OSQQty                                   0x20000052   Data           2  os_var.o(.data)
    OSSchedLockTimeBegin                     0x20000054   Data           4  os_var.o(.data)
    OSSchedLockTimeMax                       0x20000058   Data           4  os_var.o(.data)
    OSSchedLockTimeMaxCur                    0x2000005c   Data           4  os_var.o(.data)
    OSSchedLockNestingCtr                    0x20000060   Data           1  os_var.o(.data)
    OSSemQty                                 0x20000062   Data           2  os_var.o(.data)
    OSStatResetFlag                          0x20000064   Data           1  os_var.o(.data)
    OSStatTaskCPUUsage                       0x20000066   Data           2  os_var.o(.data)
    OSStatTaskCPUUsageMax                    0x20000068   Data           2  os_var.o(.data)
    OSStatTaskCtr                            0x2000006c   Data           4  os_var.o(.data)
    OSStatTaskCtrMax                         0x20000070   Data           4  os_var.o(.data)
    OSStatTaskCtrRun                         0x20000074   Data           4  os_var.o(.data)
    OSStatTaskRdy                            0x20000078   Data           1  os_var.o(.data)
    OSStatTaskTimeMax                        0x2000007c   Data           4  os_var.o(.data)
    OSTaskCtxSwCtr                           0x20000080   Data           4  os_var.o(.data)
    OSTaskQty                                0x20000084   Data           2  os_var.o(.data)
    OSTaskRegNextAvailID                     0x20000086   Data           1  os_var.o(.data)
    OSTickCtr                                0x20000088   Data           4  os_var.o(.data)
    OSTickTaskTimeMax                        0x2000008c   Data           4  os_var.o(.data)
    OSTickListDly                            0x20000090   Data           4  os_var.o(.data)
    OSTickListTimeout                        0x20000094   Data           4  os_var.o(.data)
    OSTmrListEntries                         0x20000098   Data           2  os_var.o(.data)
    OSTmrListPtr                             0x2000009c   Data           4  os_var.o(.data)
    OSTmrTaskTimeMax                         0x200000a0   Data           4  os_var.o(.data)
    OSTmrTickCtr                             0x200000a4   Data           4  os_var.o(.data)
    OSTmrUpdateCnt                           0x200000a8   Data           4  os_var.o(.data)
    OSTmrUpdateCtr                           0x200000ac   Data           4  os_var.o(.data)
    OSTCBCurPtr                              0x200000b0   Data           4  os_var.o(.data)
    OSTCBHighRdyPtr                          0x200000b4   Data           4  os_var.o(.data)
    OS_CPU_ExceptStkBase                     0x200000b8   Data           4  os_cpu_c.o(.data)
    __stdout                                 0x200000bc   Data           4  stdout.o(.data)
    CPU_Name                                 0x20001aac   Data          16  cpu_core.o(.bss)
    OSCfg_IdleTaskStk                        0x20001abc   Data         256  os_cfg_app.o(.bss)
    OSCfg_ISRStk                             0x20001bbc   Data         400  os_cfg_app.o(.bss)
    OSCfg_MsgPool                            0x20001d4c   Data        1600  os_cfg_app.o(.bss)
    OSCfg_StatTaskStk                        0x2000238c   Data         400  os_cfg_app.o(.bss)
    OSCfg_TickTaskStk                        0x2000251c   Data         400  os_cfg_app.o(.bss)
    OSCfg_TmrTaskStk                         0x200026ac   Data         400  os_cfg_app.o(.bss)
    OSIdleTaskTCB                            0x2000283c   Data         164  os_var.o(.bss)
    OSRdyList                                0x200028e0   Data         768  os_var.o(.bss)
    OSStatTaskTCB                            0x20002be0   Data         164  os_var.o(.bss)
    OSTickTaskTCB                            0x20002c84   Data         164  os_var.o(.bss)
    OSTmrMutex                               0x20002d28   Data          32  os_var.o(.bss)
    OSTmrTaskTCB                             0x20002d48   Data         164  os_var.o(.bss)
    __initial_sp                             0x20003df0   Data           0  startup_stm32f411xe.o(STACK)



==============================================================================

Memory Map of the image

  Image Entry point : 0x08000199

  Load Region LR_IROM1 (Base: 0x08000000, Size: 0x00002a0c, Max: 0x00080000, ABSOLUTE)

    Execution Region ER_IROM1 (Base: 0x08000000, Size: 0x0000294c, Max: 0x00080000, ABSOLUTE)

    Base Addr    Size         Type   Attr      Idx    E Section Name        Object

    0x08000000   0x00000198   Data   RO            3    RESET               startup_stm32f411xe.o
    0x08000198   0x00000000   Code   RO         7101  * .ARM.Collect$$$$00000000  mc_w.l(entry.o)
    0x08000198   0x00000004   Code   RO         7367    .ARM.Collect$$$$00000001  mc_w.l(entry2.o)
    0x0800019c   0x00000004   Code   RO         7370    .ARM.Collect$$$$00000004  mc_w.l(entry5.o)
    0x080001a0   0x00000000   Code   RO         7372    .ARM.Collect$$$$00000008  mc_w.l(entry7b.o)
    0x080001a0   0x00000000   Code   RO         7374    .ARM.Collect$$$$0000000A  mc_w.l(entry8b.o)
    0x080001a0   0x00000008   Code   RO         7375    .ARM.Collect$$$$0000000B  mc_w.l(entry9a.o)
    0x080001a8   0x00000000   Code   RO         7377    .ARM.Collect$$$$0000000D  mc_w.l(entry10a.o)
    0x080001a8   0x00000000   Code   RO         7379    .ARM.Collect$$$$0000000F  mc_w.l(entry11a.o)
    0x080001a8   0x00000004   Code   RO         7368    .ARM.Collect$$$$00002712  mc_w.l(entry2.o)
    0x080001ac   0x0000004c   Code   RO            4    .text               startup_stm32f411xe.o
    0x080001f8   0x00000034   Code   RO         5392    .text               cpu_a.o
    0x0800022c   0x00000024   Code   RO         7399    .text               mc_w.l(init.o)
    0x08000250   0x0000010c   Code   RO         7013    CODE                os_cpu_a.o
    0x0800035c   0x0000000e   Code   RO         5172    i.BSP_CPU_ClkFreq   bsp.o
    0x0800036a   0x00000004   Code   RO         5173    i.BSP_Init          bsp.o
    0x0800036e   0x00000002   Code   RO         4882    i.BusFault_Handler  stm32f4xx_it.o
    0x08000370   0x00000018   Code   RO         5284    i.CPU_Init          cpu_core.o
    0x08000388   0x00000020   Code   RO         5285    i.CPU_NameClr       cpu_core.o
    0x080003a8   0x0000000c   Code   RO         5291    i.CPU_TS_TmrFreqSet  cpu_core.o
    0x080003b4   0x00000030   Code   RO         5176    i.CPU_TS_TmrInit    bsp.o
    0x080003e4   0x0000000c   Code   RO         5177    i.CPU_TS_TmrRd      bsp.o
    0x080003f0   0x00000002   Code   RO         4883    i.DebugMon_Handler  stm32f4xx_it.o
    0x080003f2   0x000000a2   Code   RO         1848    i.GPIO_Init         stm32f4xx_gpio.o
    0x08000494   0x00000020   Code   RO         1849    i.GPIO_PinAFConfig  stm32f4xx_gpio.o
    0x080004b4   0x00000004   Code   RO         1855    i.GPIO_ResetBits    stm32f4xx_gpio.o
    0x080004b8   0x00000004   Code   RO         1856    i.GPIO_SetBits      stm32f4xx_gpio.o
    0x080004bc   0x00000002   Code   RO         4884    i.HardFault_Handler  stm32f4xx_it.o
    0x080004be   0x00000002   Code   RO         4885    i.MemManage_Handler  stm32f4xx_it.o
    0x080004c0   0x00000008   Code   RO         5593    i.Mem_Clr           lib_mem.o
    0x080004c8   0x00000044   Code   RO         5619    i.Mem_Set           lib_mem.o
    0x0800050c   0x00000002   Code   RO         4886    i.NMI_Handler       stm32f4xx_it.o
    0x0800050e   0x00000002   Code   RO         5922    i.OSCfg_Init        os_cfg_app.o
    0x08000510   0x00000010   Code   RO         7016    i.OSIdleTaskHook    os_cpu_c.o
    0x08000520   0x00000154   Code   RO         5986    i.OSInit            os_core.o
    0x08000674   0x00000024   Code   RO         7017    i.OSInitHook        os_cpu_c.o
    0x08000698   0x00000084   Code   RO         5988    i.OSIntExit         os_core.o
    0x0800071c   0x00000048   Code   RO         6335    i.OSMutexCreate     os_mutex.o
    0x08000764   0x00000144   Code   RO         6337    i.OSMutexPend       os_mutex.o
    0x080008a8   0x00000124   Code   RO         6339    i.OSMutexPost       os_mutex.o
    0x080009cc   0x0000007c   Code   RO         5989    i.OSSched           os_core.o
    0x08000a48   0x00000044   Code   RO         5990    i.OSSchedLock       os_core.o
    0x08000a8c   0x00000058   Code   RO         5991    i.OSSchedUnlock     os_core.o
    0x08000ae4   0x00000058   Code   RO         5992    i.OSStart           os_core.o
    0x08000b3c   0x00000044   Code   RO         6591    i.OSStatReset       os_stat.o
    0x08000b80   0x00000010   Code   RO         7018    i.OSStatTaskHook    os_cpu_c.o
    0x08000b90   0x0000012c   Code   RO         6622    i.OSTaskCreate      os_task.o
    0x08000cbc   0x00000010   Code   RO         7019    i.OSTaskCreateHook  os_cpu_c.o
    0x08000ccc   0x0000011c   Code   RO         6623    i.OSTaskDel         os_task.o
    0x08000de8   0x00000010   Code   RO         7020    i.OSTaskDelHook     os_cpu_c.o
    0x08000df8   0x00000010   Code   RO         7021    i.OSTaskReturnHook  os_cpu_c.o
    0x08000e08   0x00000110   Code   RO         6632    i.OSTaskSemPend     os_task.o
    0x08000f18   0x0000002e   Code   RO         6634    i.OSTaskSemPost     os_task.o
    0x08000f46   0x00000002   PAD
    0x08000f48   0x000001a8   Code   RO         7022    i.OSTaskStkInit     os_cpu_c.o
    0x080010f0   0x00000078   Code   RO         7023    i.OSTaskSwHook      os_cpu_c.o
    0x08001168   0x00000078   Code   RO         6824    i.OSTimeDly         os_time.o
    0x080011e0   0x00000104   Code   RO         6825    i.OSTimeDlyHMSM     os_time.o
    0x080012e4   0x0000003c   Code   RO         6829    i.OSTimeTick        os_time.o
    0x08001320   0x00000010   Code   RO         7024    i.OSTimeTickHook    os_cpu_c.o
    0x08001330   0x00000024   Code   RO         7025    i.OS_CPU_SysTickHandler  os_cpu_c.o
    0x08001354   0x00000028   Code   RO         7026    i.OS_CPU_SysTickInit  os_cpu_c.o
    0x0800137c   0x00000010   Code   RO         6200    i.OS_FlagInit       os_flag.o
    0x0800138c   0x00000028   Code   RO         5994    i.OS_IdleTask       os_core.o
    0x080013b4   0x00000068   Code   RO         5995    i.OS_IdleTaskInit   os_core.o
    0x0800141c   0x00000010   Code   RO         6272    i.OS_MemInit        os_mem.o
    0x0800142c   0x00000068   Code   RO         6299    i.OS_MsgPoolInit    os_msg.o
    0x08001494   0x00000030   Code   RO         6300    i.OS_MsgQFreeAll    os_msg.o
    0x080014c4   0x0000000c   Code   RO         6302    i.OS_MsgQInit       os_msg.o
    0x080014d0   0x0000004c   Code   RO         6342    i.OS_MutexGrpPostAll  os_mutex.o
    0x0800151c   0x00000022   Code   RO         6343    i.OS_MutexGrpPrioFindHighest  os_mutex.o
    0x0800153e   0x00000014   Code   RO         6344    i.OS_MutexGrpRemove  os_mutex.o
    0x08001552   0x00000002   PAD
    0x08001554   0x00000010   Code   RO         6345    i.OS_MutexInit      os_mutex.o
    0x08001564   0x00000048   Code   RO         5996    i.OS_Pend           os_core.o
    0x080015ac   0x00000030   Code   RO         5999    i.OS_PendDataInit   os_core.o
    0x080015dc   0x0000002e   Code   RO         6000    i.OS_PendListChangePrio  os_core.o
    0x0800160a   0x0000000a   Code   RO         6001    i.OS_PendListInit   os_core.o
    0x08001614   0x0000005a   Code   RO         6003    i.OS_PendListInsertPrio  os_core.o
    0x0800166e   0x00000026   Code   RO         6004    i.OS_PendListRemove  os_core.o
    0x08001694   0x00000036   Code   RO         6005    i.OS_PendListRemove1  os_core.o
    0x080016ca   0x000000a2   Code   RO         6008    i.OS_Post           os_core.o
    0x0800176c   0x00000026   Code   RO         6009    i.OS_Post1          os_core.o
    0x08001792   0x00000002   PAD
    0x08001794   0x00000024   Code   RO         6434    i.OS_PrioGetHighest  os_prio.o
    0x080017b8   0x00000018   Code   RO         6435    i.OS_PrioInit       os_prio.o
    0x080017d0   0x00000020   Code   RO         6436    i.OS_PrioInsert     os_prio.o
    0x080017f0   0x00000020   Code   RO         6437    i.OS_PrioRemove     os_prio.o
    0x08001810   0x00000010   Code   RO         6478    i.OS_QInit          os_q.o
    0x08001820   0x00000024   Code   RO         6010    i.OS_RdyListInit    os_core.o
    0x08001844   0x00000030   Code   RO         6011    i.OS_RdyListInsert  os_core.o
    0x08001874   0x00000038   Code   RO         6012    i.OS_RdyListInsertHead  os_core.o
    0x080018ac   0x00000034   Code   RO         6013    i.OS_RdyListInsertTail  os_core.o
    0x080018e0   0x00000054   Code   RO         6015    i.OS_RdyListRemove  os_core.o
    0x08001934   0x0000001c   Code   RO         6016    i.OS_SchedLockTimeMeasStart  os_core.o
    0x08001950   0x0000003c   Code   RO         6017    i.OS_SchedLockTimeMeasStop  os_core.o
    0x0800198c   0x00000010   Code   RO         6538    i.OS_SemInit        os_sem.o
    0x0800199c   0x00000138   Code   RO         6593    i.OS_StatTask       os_stat.o
    0x08001ad4   0x000000bc   Code   RO         6594    i.OS_StatTaskInit   os_stat.o
    0x08001b90   0x00000028   Code   RO         6018    i.OS_TaskBlock      os_core.o
    0x08001bb8   0x000000b8   Code   RO         6638    i.OS_TaskChangePrio  os_task.o
    0x08001c70   0x00000018   Code   RO         6639    i.OS_TaskInit       os_task.o
    0x08001c88   0x00000092   Code   RO         6640    i.OS_TaskInitTCB    os_task.o
    0x08001d1a   0x00000002   PAD
    0x08001d1c   0x00000018   Code   RO         6643    i.OS_TaskReturn     os_task.o
    0x08001d34   0x00000098   Code   RO         6644    i.OS_TaskSemPost    os_task.o
    0x08001dcc   0x00000054   Code   RO         6777    i.OS_TickListInsert  os_tick.o
    0x08001e20   0x0000007c   Code   RO         6778    i.OS_TickListInsertDly  os_tick.o
    0x08001e9c   0x00000038   Code   RO         6779    i.OS_TickListRemove  os_tick.o
    0x08001ed4   0x00000002   Code   RO         6780    i.OS_TickListResetPeak  os_tick.o
    0x08001ed6   0x00000002   PAD
    0x08001ed8   0x000000d0   Code   RO         6781    i.OS_TickListUpdateTimeout  os_tick.o
    0x08001fa8   0x000000a4   Code   RO         6782    i.OS_TickTask       os_tick.o
    0x0800204c   0x000000ac   Code   RO         6783    i.OS_TickTaskInit   os_tick.o
    0x080020f8   0x00000110   Code   RO         6873    i.OS_TmrInit        os_tmr.o
    0x08002208   0x00000018   Code   RO         6874    i.OS_TmrLock        os_tmr.o
    0x08002220   0x00000002   Code   RO         6875    i.OS_TmrResetPeak   os_tmr.o
    0x08002222   0x00000002   PAD
    0x08002224   0x00000098   Code   RO         6876    i.OS_TmrTask        os_tmr.o
    0x080022bc   0x0000003c   Code   RO         6877    i.OS_TmrUnlink      os_tmr.o
    0x080022f8   0x00000014   Code   RO         6878    i.OS_TmrUnlock      os_tmr.o
    0x0800230c   0x00000018   Code   RO         2768    i.RCC_AHB1PeriphClockCmd  stm32f4xx_rcc.o
    0x08002324   0x00000018   Code   RO         2777    i.RCC_APB2PeriphClockCmd  stm32f4xx_rcc.o
    0x0800233c   0x00000094   Code   RO         2786    i.RCC_GetClocksFreq  stm32f4xx_rcc.o
    0x080023d0   0x00000002   Code   RO         4888    i.SVC_Handler       stm32f4xx_it.o
    0x080023d2   0x00000002   PAD
    0x080023d4   0x00000074   Code   RO           13    i.SetSysClock       system_stm32f4xx.o
    0x08002448   0x0000005c   Code   RO           15    i.SystemInit        system_stm32f4xx.o
    0x080024a4   0x00000014   Code   RO         4628    i.USART_Cmd         stm32f4xx_usart.o
    0x080024b8   0x0000000e   Code   RO         4631    i.USART_GetFlagStatus  stm32f4xx_usart.o
    0x080024c6   0x00000002   PAD
    0x080024c8   0x000000ac   Code   RO         4635    i.USART_Init        stm32f4xx_usart.o
    0x08002574   0x00000008   Code   RO         4645    i.USART_SendData    stm32f4xx_usart.o
    0x0800257c   0x00000098   Code   RO         5239    i.USARTx_Config     bsp_usart.o
    0x08002614   0x00000002   Code   RO         4890    i.UsageFault_Handler  stm32f4xx_it.o
    0x08002616   0x00000002   PAD
    0x08002618   0x00000020   Code   RO         7173    i.__0printf$2       mc_w.l(printf2.o)
    0x08002638   0x0000000e   Code   RO         7407    i.__scatterload_copy  mc_w.l(handlers.o)
    0x08002646   0x00000002   Code   RO         7408    i.__scatterload_null  mc_w.l(handlers.o)
    0x08002648   0x0000000e   Code   RO         7409    i.__scatterload_zeroinit  mc_w.l(handlers.o)
    0x08002656   0x000000d6   Code   RO         7180    i._printf_core      mc_w.l(printf2.o)
    0x0800272c   0x00000024   Code   RO         5241    i.fputc             bsp_usart.o
    0x08002750   0x000000c4   Code   RO         4957    i.main              app.o
    0x08002814   0x00000044   Code   RO         4958    i.thread1_func      app.o
    0x08002858   0x00000068   Code   RO         4959    i.thread2_func      app.o
    0x080028c0   0x00000002   Code   RO         4960    i.thread3_func      app.o
    0x080028c2   0x0000000d   Data   RO         4964    .constdata          app.o
    0x080028cf   0x00000001   PAD
    0x080028d0   0x00000004   Data   RO         5929    .constdata          os_cfg_app.o
    0x080028d4   0x00000004   Data   RO         5930    .constdata          os_cfg_app.o
    0x080028d8   0x00000004   Data   RO         5931    .constdata          os_cfg_app.o
    0x080028dc   0x00000004   Data   RO         5940    .constdata          os_cfg_app.o
    0x080028e0   0x00000004   Data   RO         5941    .constdata          os_cfg_app.o
    0x080028e4   0x00000002   Data   RO         5943    .constdata          os_cfg_app.o
    0x080028e6   0x00000002   PAD
    0x080028e8   0x00000004   Data   RO         5945    .constdata          os_cfg_app.o
    0x080028ec   0x00000001   Data   RO         5946    .constdata          os_cfg_app.o
    0x080028ed   0x00000003   PAD
    0x080028f0   0x00000004   Data   RO         5947    .constdata          os_cfg_app.o
    0x080028f4   0x00000004   Data   RO         5948    .constdata          os_cfg_app.o
    0x080028f8   0x00000004   Data   RO         5949    .constdata          os_cfg_app.o
    0x080028fc   0x00000004   Data   RO         5950    .constdata          os_cfg_app.o
    0x08002900   0x00000004   Data   RO         5952    .constdata          os_cfg_app.o
    0x08002904   0x00000004   Data   RO         5953    .constdata          os_cfg_app.o
    0x08002908   0x00000001   Data   RO         5954    .constdata          os_cfg_app.o
    0x08002909   0x00000003   PAD
    0x0800290c   0x00000004   Data   RO         5955    .constdata          os_cfg_app.o
    0x08002910   0x00000004   Data   RO         5956    .constdata          os_cfg_app.o
    0x08002914   0x00000004   Data   RO         5957    .constdata          os_cfg_app.o
    0x08002918   0x00000001   Data   RO         5959    .constdata          os_cfg_app.o
    0x08002919   0x00000003   PAD
    0x0800291c   0x00000004   Data   RO         5960    .constdata          os_cfg_app.o
    0x08002920   0x00000004   Data   RO         5961    .constdata          os_cfg_app.o
    0x08002924   0x00000004   Data   RO         5962    .constdata          os_cfg_app.o
    0x08002928   0x00000004   Data   RO         5963    .constdata          os_cfg_app.o
    0x0800292c   0x00000020   Data   RO         7405    Region$$Table       anon$$obj.o


    Execution Region RW_IRAM1 (Base: 0x20000000, Size: 0x00003df0, Max: 0x00020000, ABSOLUTE)

    Base Addr    Size         Type   Attr      Idx    E Section Name        Object

    0x20000000   0x00000010   Data   RW         2816    .data               stm32f4xx_rcc.o
    0x20000010   0x00000004   Data   RW         5296    .data               cpu_core.o
    0x20000014   0x00000008   Data   RW         6438    .data               os_prio.o
    0x2000001c   0x00000004   Data   RW         6954    .data               os_var.o
    0x20000020   0x00000004   Data   RW         6955    .data               os_var.o
    0x20000024   0x00000004   Data   RW         6956    .data               os_var.o
    0x20000028   0x00000004   Data   RW         6957    .data               os_var.o
    0x2000002c   0x00000004   Data   RW         6958    .data               os_var.o
    0x20000030   0x00000004   Data   RW         6959    .data               os_var.o
    0x20000034   0x00000004   Data   RW         6960    .data               os_var.o
    0x20000038   0x00000004   Data   RW         6961    .data               os_var.o
    0x2000003c   0x00000001   Data   RW         6962    .data               os_var.o
    0x2000003d   0x00000001   Data   RW         6963    .data               os_var.o
    0x2000003e   0x00000002   Data   RW         6964    .data               os_var.o
    0x20000040   0x00000002   Data   RW         6965    .data               os_var.o
    0x20000042   0x00000002   PAD
    0x20000044   0x00000008   Data   RW         6966    .data               os_var.o
    0x2000004c   0x00000002   Data   RW         6967    .data               os_var.o
    0x2000004e   0x00000001   Data   RW         6968    .data               os_var.o
    0x2000004f   0x00000001   Data   RW         6969    .data               os_var.o
    0x20000050   0x00000001   Data   RW         6970    .data               os_var.o
    0x20000051   0x00000001   PAD
    0x20000052   0x00000002   Data   RW         6971    .data               os_var.o
    0x20000054   0x00000004   Data   RW         6972    .data               os_var.o
    0x20000058   0x00000004   Data   RW         6973    .data               os_var.o
    0x2000005c   0x00000004   Data   RW         6974    .data               os_var.o
    0x20000060   0x00000001   Data   RW         6975    .data               os_var.o
    0x20000061   0x00000001   PAD
    0x20000062   0x00000002   Data   RW         6976    .data               os_var.o
    0x20000064   0x00000001   Data   RW         6977    .data               os_var.o
    0x20000065   0x00000001   PAD
    0x20000066   0x00000002   Data   RW         6978    .data               os_var.o
    0x20000068   0x00000002   Data   RW         6979    .data               os_var.o
    0x2000006a   0x00000002   PAD
    0x2000006c   0x00000004   Data   RW         6980    .data               os_var.o
    0x20000070   0x00000004   Data   RW         6981    .data               os_var.o
    0x20000074   0x00000004   Data   RW         6982    .data               os_var.o
    0x20000078   0x00000001   Data   RW         6983    .data               os_var.o
    0x20000079   0x00000003   PAD
    0x2000007c   0x00000004   Data   RW         6984    .data               os_var.o
    0x20000080   0x00000004   Data   RW         6985    .data               os_var.o
    0x20000084   0x00000002   Data   RW         6986    .data               os_var.o
    0x20000086   0x00000001   Data   RW         6987    .data               os_var.o
    0x20000087   0x00000001   PAD
    0x20000088   0x00000004   Data   RW         6988    .data               os_var.o
    0x2000008c   0x00000004   Data   RW         6989    .data               os_var.o
    0x20000090   0x00000004   Data   RW         6990    .data               os_var.o
    0x20000094   0x00000004   Data   RW         6991    .data               os_var.o
    0x20000098   0x00000002   Data   RW         6992    .data               os_var.o
    0x2000009a   0x00000002   PAD
    0x2000009c   0x00000004   Data   RW         6993    .data               os_var.o
    0x200000a0   0x00000004   Data   RW         6995    .data               os_var.o
    0x200000a4   0x00000004   Data   RW         6996    .data               os_var.o
    0x200000a8   0x00000004   Data   RW         6997    .data               os_var.o
    0x200000ac   0x00000004   Data   RW         6998    .data               os_var.o
    0x200000b0   0x00000004   Data   RW         6999    .data               os_var.o
    0x200000b4   0x00000004   Data   RW         7000    .data               os_var.o
    0x200000b8   0x00000004   Data   RW         7027    .data               os_cpu_c.o
    0x200000bc   0x00000004   Data   RW         7381    .data               mc_w.l(stdout.o)
    0x200000c0   0x000019ec   Zero   RW         4963    .bss                app.o
    0x20001aac   0x00000010   Zero   RW         5293    .bss                cpu_core.o
    0x20001abc   0x00000100   Zero   RW         5923    .bss                os_cfg_app.o
    0x20001bbc   0x00000190   Zero   RW         5924    .bss                os_cfg_app.o
    0x20001d4c   0x00000640   Zero   RW         5925    .bss                os_cfg_app.o
    0x2000238c   0x00000190   Zero   RW         5926    .bss                os_cfg_app.o
    0x2000251c   0x00000190   Zero   RW         5927    .bss                os_cfg_app.o
    0x200026ac   0x00000190   Zero   RW         5928    .bss                os_cfg_app.o
    0x2000283c   0x000000a4   Zero   RW         6948    .bss                os_var.o
    0x200028e0   0x00000300   Zero   RW         6949    .bss                os_var.o
    0x20002be0   0x000000a4   Zero   RW         6950    .bss                os_var.o
    0x20002c84   0x000000a4   Zero   RW         6951    .bss                os_var.o
    0x20002d28   0x00000020   Zero   RW         6952    .bss                os_var.o
    0x20002d48   0x000000a4   Zero   RW         6953    .bss                os_var.o
    0x20002dec   0x00000004   PAD
    0x20002df0   0x00001000   Zero   RW            1    STACK               startup_stm32f411xe.o


==============================================================================

Image component sizes


      Code (inc. data)   RO Data    RW Data    ZI Data      Debug   Object Name

       370         62         13          0       6636      29450   app.o
        78         16          0          0          0       7841   bsp.o
       188         16          0          0          0       2540   bsp_usart.o
        52          0          0          0          0        340   cpu_a.o
         0          0          0          0          0       7792   cpu_c.o
        68         16          0          4         16       3818   cpu_core.o
        76          0          0          0          0      13296   lib_mem.o
         0          0          0          0          0      37349   os_app_hooks.o
         2          0         81          0       3456      18317   os_cfg_app.o
      1946        312          0          0          0      18421   os_core.o
       268         14          0          0          0        428   os_cpu_a.o
       752        170          0          4          0      26001   os_cpu_c.o
        16          6          0          0          0       1108   os_flag.o
        16          6          0          0          0        913   os_mem.o
       164         18          0          0          0       2444   os_msg.o
       834         42          0          0          0       6650   os_mutex.o
       124         16          0          8          0       3010   os_prio.o
        16          6          0          0          0        973   os_q.o
        16          6          0          0          0        981   os_sem.o
       568        148          0          0          0       2754   os_stat.o
      1432        100          0          0          0       8983   os_task.o
       810         94          0          0          0       6258   os_tick.o
       440         40          0          0          0       3089   os_time.o
       530        140          0          0          0       4323   os_tmr.o
         0          0          0        143       1456      16862   os_var.o
        76         16        408          0       4096       1000   startup_stm32f411xe.o
       202          0          0          0          0       3299   stm32f4xx_gpio.o
        14          0          0          0          0       3379   stm32f4xx_it.o
       196         28          0         16          0       4554   stm32f4xx_rcc.o
       214          8          0          0          0       3772   stm32f4xx_usart.o
       208         36          0          0          0     240649   system_stm32f4xx.o

    ----------------------------------------------------------------------
      9694       1316        546        188      15664     480594   Object Totals
         0          0         32          0          0          0   (incl. Generated)
        18          0         12         13          4          0   (incl. Padding)

    ----------------------------------------------------------------------

      Code (inc. data)   RO Data    RW Data    ZI Data      Debug   Library Member Name

         0          0          0          0          0          0   entry.o
         0          0          0          0          0          0   entry10a.o
         0          0          0          0          0          0   entry11a.o
         8          4          0          0          0          0   entry2.o
         4          0          0          0          0          0   entry5.o
         0          0          0          0          0          0   entry7b.o
         0          0          0          0          0          0   entry8b.o
         8          4          0          0          0          0   entry9a.o
        30          0          0          0          0          0   handlers.o
        36          8          0          0          0         68   init.o
       246         10          0          0          0        176   printf2.o
         0          0          0          4          0          0   stdout.o

    ----------------------------------------------------------------------
       332         26          0          4          0        244   Library Totals
         0          0          0          0          0          0   (incl. Padding)

    ----------------------------------------------------------------------

      Code (inc. data)   RO Data    RW Data    ZI Data      Debug   Library Name

       332         26          0          4          0        244   mc_w.l

    ----------------------------------------------------------------------
       332         26          0          4          0        244   Library Totals

    ----------------------------------------------------------------------

==============================================================================


      Code (inc. data)   RO Data    RW Data    ZI Data      Debug   

     10026       1342        546        192      15664     469890   Grand Totals
     10026       1342        546        192      15664     469890   ELF Image Totals
     10026       1342        546        192          0          0   ROM Totals

==============================================================================

    Total RO  Size (Code + RO Data)                10572 (  10.32kB)
    Total RW  Size (RW Data + ZI Data)             15856 (  15.48kB)
    Total ROM Size (Code + RO Data + RW Data)      10764 (  10.51kB)

==============================================================================

